Godot Engine v4.7.stable.official.5b4e0cb0f - https://godotengine.org

[   0% ] [90m[1mfirst_scan_filesystem[22m | Started Project initialization (5 steps)[39m[0m
[   0% ] [90m[1mfirst_scan_filesystem[22m | Scanning file structure...[39m[0m
[  16% ] [90m[1mfirst_scan_filesystem[22m | Loading global class names...[39m[0m
[  33% ] [90m[1mfirst_scan_filesystem[22m | Verifying GDExtensions...[39m[0m
[  50% ] [90m[1mfirst_scan_filesystem[22m | Creating autoload scripts...[39m[0m
[  66% ] [90m[1mfirst_scan_filesystem[22m | Initializing plugins...[39m[0m
[  83% ] [90m[1mfirst_scan_filesystem[22m | Starting file scan...[39m[0m
[92m[ DONE ][39m [1mfirst_scan_filesystem[22m
[0m
[   0% ] [90m[1mupdate_scripts_classes[22m | Started Registering global classes... (75 steps)[39m[0m
[   0% ] [90m[1mupdate_scripts_classes[22m | CotcContinueContext[39m[0m
[   1% ] [90m[1mupdate_scripts_classes[22m | CotcDeathOverlay[39m[0m
[   2% ] [90m[1mupdate_scripts_classes[22m | CotcGameplayContext[39m[0m
[   3% ] [90m[1mupdate_scripts_classes[22m | CotcGameplayHud[39m[0m
[   5% ] [90m[1mupdate_scripts_classes[22m | [39m[0m
[   6% ] [90m[1mupdate_scripts_classes[22m | CotcInventoryOverlay[39m[0m
[   7% ] [90m[1mupdate_scripts_classes[22m | [39m[0m
[   9% ] [90m[1mupdate_scripts_classes[22m | CotcItemEffectController[39m[0m
[  10% ] [90m[1mupdate_scripts_classes[22m | [39m[0m
[  11% ] [90m[1mupdate_scripts_classes[22m | CotcPauseOverlay[39m[0m
[  13% ] [90m[1mupdate_scripts_classes[22m | CotcIntroContext[39m[0m
[  14% ] [90m[1mupdate_scripts_classes[22m | CotcLevelVersionSelector[39m[0m
[  15% ] [90m[1mupdate_scripts_classes[22m | CotcMenuContext[39m[0m
[  17% ] [90m[1mupdate_scripts_classes[22m | CotcSettingsContext[39m[0m
[  18% ] [90m[1mupdate_scripts_classes[22m | CotcDeveloperAdminPanel[39m[0m
[  19% ] [90m[1mupdate_scripts_classes[22m | CotcItemCatalog[39m[0m
[  21% ] [90m[1mupdate_scripts_classes[22m | CotcTreasureCatalog[39m[0m
[  22% ] [90m[1mupdate_scripts_classes[22m | CotcLoadingOverlay[39m[0m
[  23% ] [90m[1mupdate_scripts_classes[22m | CotcGameState[39m[0m
[  25% ] [90m[1mupdate_scripts_classes[22m | CotcSaveService[39m[0m
[  26% ] [90m[1mupdate_scripts_classes[22m | CotcSettingsService[39m[0m
[  27% ] [90m[1mupdate_scripts_classes[22m | CotcRootContext[39m[0m
[  28% ] [90m[1mupdate_scripts_classes[22m | [39m[0m
[  30% ] [90m[1mupdate_scripts_classes[22m | CotcArchivedConusTetherProjectile[39m[0m
[  31% ] [90m[1mupdate_scripts_classes[22m | CotcArchivedInkBlobProjectile[39m[0m
[  32% ] [90m[1mupdate_scripts_classes[22m | CotcArchivedInkParalysisCloud[39m[0m
[  34% ] [90m[1mupdate_scripts_classes[22m | [39m[0m
[  35% ] [90m[1mupdate_scripts_classes[22m | [39m[0m
[  36% ] [90m[1mupdate_scripts_classes[22m | [39m[0m
[  38% ] [90m[1mupdate_scripts_classes[22m | [39m[0m
[  39% ] [90m[1mupdate_scripts_classes[22m | [39m[0m
[  40% ] [90m[1mupdate_scripts_classes[22m | [39m[0m
[  42% ] [90m[1mupdate_scripts_classes[22m | CotcBlackBloomHazard[39m[0m
[  43% ] [90m[1mupdate_scripts_classes[22m | CotcBoulder[39m[0m
[  44% ] [90m[1mupdate_scripts_classes[22m | [39m[0m
[  46% ] [90m[1mupdate_scripts_classes[22m | CotcSpawnCheckpoint[39m[0m
[  47% ] [90m[1mupdate_scripts_classes[22m | CotcScatterBubbleVideo[39m[0m
[  48% ] [90m[1mupdate_scripts_classes[22m | CotcBubbleBurst[39m[0m
[  50% ] [90m[1mupdate_scripts_classes[22m | CotcConchPulse[39m[0m
[  51% ] [90m[1mupdate_scripts_classes[22m | [39m[0m
[  52% ] [90m[1mupdate_scripts_classes[22m | [39m[0m
[  53% ] [90m[1mupdate_scripts_classes[22m | CotcSurfaceSplash[39m[0m
[  55% ] [90m[1mupdate_scripts_classes[22m | CotcPassiveTideAnemone[39m[0m
[  56% ] [90m[1mupdate_scripts_classes[22m | CotcPillarsCity[39m[0m
[  57% ] [90m[1mupdate_scripts_classes[22m | CotcSeaOfPillars[39m[0m
[  59% ] [90m[1mupdate_scripts_classes[22m | CotcVent1[39m[0m
[  60% ] [90m[1mupdate_scripts_classes[22m | CotcWhaleTravel[39m[0m
[  61% ] [90m[1mupdate_scripts_classes[22m | CotcSeaOfPillarsRuntime[39m[0m
[  63% ] [90m[1mupdate_scripts_classes[22m | CotcAlphaCollisionLandscape[39m[0m
[  64% ] [90m[1mupdate_scripts_classes[22m | CotcInkBlobProjectile[39m[0m
[  65% ] [90m[1mupdate_scripts_classes[22m | CotcInkParalysisCloud[39m[0m
[  67% ] [90m[1mupdate_scripts_classes[22m | CotcConusTetherProjectile[39m[0m
[  68% ] [90m[1mupdate_scripts_classes[22m | CotcCameraDistanceActivator[39m[0m
[  69% ] [90m[1mupdate_scripts_classes[22m | CotcLoopingAudioPlayer[39m[0m
[  71% ] [90m[1mupdate_scripts_classes[22m | CotcHylas[39m[0m
[  72% ] [90m[1mupdate_scripts_classes[22m | [39m[0m
[  73% ] [90m[1mupdate_scripts_classes[22m | CotcHylasItemVisuals[39m[0m
[  75% ] [90m[1mupdate_scripts_classes[22m | [39m[0m
[  76% ] [90m[1mupdate_scripts_classes[22m | [39m[0m
[  77% ] [90m[1mupdate_scripts_classes[22m | [39m[0m
[  78% ] [90m[1mupdate_scripts_classes[22m | [39m[0m
[  80% ] [90m[1mupdate_scripts_classes[22m | [39m[0m
[  81% ] [90m[1mupdate_scripts_classes[22m | [39m[0m
[  82% ] [90m[1mupdate_scripts_classes[22m | CotcConchImpactEffect[39m[0m
[  84% ] [90m[1mupdate_scripts_classes[22m | CotcPickupFeedback[39m[0m
[  85% ] [90m[1mupdate_scripts_classes[22m | CotcJellyfishEnemy[39m[0m
[  86% ] [90m[1mupdate_scripts_classes[22m | [39m[0m
[  88% ] [90m[1mupdate_scripts_classes[22m | CotcSharkEnemy[39m[0m
[  89% ] [90m[1mupdate_scripts_classes[22m | [39m[0m
[  90% ] [90m[1mupdate_scripts_classes[22m | CotcFishSchool[39m[0m
[  92% ] [90m[1mupdate_scripts_classes[22m | CotcFoodPickup[39m[0m
[  93% ] [90m[1mupdate_scripts_classes[22m | CotcTreasurePickup[39m[0m
[  94% ] [90m[1mupdate_scripts_classes[22m | CotcWaterVideoBackground[39m[0m
[  96% ] [90m[1mupdate_scripts_classes[22m | [39m[0m
[  97% ] [90m[1mupdate_scripts_classes[22m | [39m[0m
[92m[ DONE ][39m [1mupdate_scripts_classes[22m
[0m
[   0% ] [90m[1m_update_scan_actions[22m | Started Scanning actions... (332 steps)[39m[0m
[   0% ] [90m[1m_update_scan_actions[22m | ahh.mp3[39m[0m
[   0% ] [90m[1m_update_scan_actions[22m | call of the conch music main theme.mp3[39m[0m
[   0% ] [90m[1m_update_scan_actions[22m | coin.mp3[39m[0m
[   0% ] [90m[1m_update_scan_actions[22m | fall on land.mp3[39m[0m
[   1% ] [90m[1m_update_scan_actions[22m | impact.mp3[39m[0m
[   1% ] [90m[1m_update_scan_actions[22m | invisibility.mp3[39m[0m
[   1% ] [90m[1m_update_scan_actions[22m | magic force field.mp3[39m[0m
[   2% ] [90m[1m_update_scan_actions[22m | morph1.mp3[39m[0m
[   2% ] [90m[1m_update_scan_actions[22m | morph2.mp3[39m[0m
[   2% ] [90m[1m_update_scan_actions[22m | pickup1.mp3[39m[0m
[   3% ] [90m[1m_update_scan_actions[22m | pickup2.mp3[39m[0m
[   3% ] [90m[1m_update_scan_actions[22m | pickup3.mp3[39m[0m
[   3% ] [90m[1m_update_scan_actions[22m | pickup4.mp3[39m[0m
[   3% ] [90m[1m_update_scan_actions[22m | pickup5.mp3[39m[0m
[   4% ] [90m[1m_update_scan_actions[22m | pickup6.mp3[39m[0m
[   4% ] [90m[1m_update_scan_actions[22m | pickup.mp3[39m[0m
[   4% ] [90m[1m_update_scan_actions[22m | powerdown1.mp3[39m[0m
[   5% ] [90m[1m_update_scan_actions[22m | powerdown2.mp3[39m[0m
[   5% ] [90m[1m_update_scan_actions[22m | Sea of Pillars Calm.mp3[39m[0m
[   5% ] [90m[1m_update_scan_actions[22m | Sea of Pillars danger.mp3[39m[0m
[   6% ] [90m[1m_update_scan_actions[22m | speed_noise.mp3[39m[0m
[   6% ] [90m[1m_update_scan_actions[22m | splash_in_ocean.mp3[39m[0m
[   6% ] [90m[1m_update_scan_actions[22m | stun.mp3[39m[0m
[   6% ] [90m[1m_update_scan_actions[22m | Super Conch_noise.mp3[39m[0m
[   7% ] [90m[1m_update_scan_actions[22m | superjump.mp3[39m[0m
[   7% ] [90m[1m_update_scan_actions[22m | swim_noise.mp3[39m[0m
[   7% ] [90m[1m_update_scan_actions[22m | underwater_ambience.mp3[39m[0m
[   8% ] [90m[1m_update_scan_actions[22m | vault.mp3[39m[0m
[   8% ] [90m[1m_update_scan_actions[22m | whale music.mp3[39m[0m
[   8% ] [90m[1m_update_scan_actions[22m | beach.webp[39m[0m
[   9% ] [90m[1m_update_scan_actions[22m | bg_pillars_city.jpg[39m[0m
[   9% ] [90m[1m_update_scan_actions[22m | boulder.webp[39m[0m
[   9% ] [90m[1m_update_scan_actions[22m | citymain.webp[39m[0m
[   9% ] [90m[1m_update_scan_actions[22m | clouds1.jpg[39m[0m
[  10% ] [90m[1m_update_scan_actions[22m | clouds2.jpg[39m[0m
[  10% ] [90m[1m_update_scan_actions[22m | clouds3.jpg[39m[0m
[  10% ] [90m[1m_update_scan_actions[22m | clouds4.jpg[39m[0m
[  11% ] [90m[1m_update_scan_actions[22m | clouds5.jpg[39m[0m
[  11% ] [90m[1m_update_scan_actions[22m | horizon.png[39m[0m
[  11% ] [90m[1m_update_scan_actions[22m | island00.webp[39m[0m
[  12% ] [90m[1m_update_scan_actions[22m | island01.webp[39m[0m
[  12% ] [90m[1m_update_scan_actions[22m | island03.webp[39m[0m
[  12% ] [90m[1m_update_scan_actions[22m | lsland02.webp[39m[0m
[  12% ] [90m[1m_update_scan_actions[22m | mountainoverlay01.webp[39m[0m
[  13% ] [90m[1m_update_scan_actions[22m | mountainoverlay02.webp[39m[0m
[  13% ] [90m[1m_update_scan_actions[22m | mountainoverlay03.webp[39m[0m
[  13% ] [90m[1m_update_scan_actions[22m | mountainoverlay04.webp[39m[0m
[  14% ] [90m[1m_update_scan_actions[22m | mountainoverlay05.webp[39m[0m
[  14% ] [90m[1m_update_scan_actions[22m | pillars.webp[39m[0m
[  14% ] [90m[1m_update_scan_actions[22m | rock2.webp[39m[0m
[  15% ] [90m[1m_update_scan_actions[22m | rock3.webp[39m[0m
[  15% ] [90m[1m_update_scan_actions[22m | rock4.webp[39m[0m
[  15% ] [90m[1m_update_scan_actions[22m | rock5.webp[39m[0m
[  15% ] [90m[1m_update_scan_actions[22m | rock6.webp[39m[0m
[  16% ] [90m[1m_update_scan_actions[22m | rock7.webp[39m[0m
[  16% ] [90m[1m_update_scan_actions[22m | rock8.webp[39m[0m
[  16% ] [90m[1m_update_scan_actions[22m | rock9.webp[39m[0m
[  17% ] [90m[1m_update_scan_actions[22m | rock10.webp[39m[0m
[  17% ] [90m[1m_update_scan_actions[22m | rock11.webp[39m[0m
[  17% ] [90m[1m_update_scan_actions[22m | rock12.webp[39m[0m
[  18% ] [90m[1m_update_scan_actions[22m | rock13.webp[39m[0m
[  18% ] [90m[1m_update_scan_actions[22m | rock14.webp[39m[0m
[  18% ] [90m[1m_update_scan_actions[22m | rock15.webp[39m[0m
[  18% ] [90m[1m_update_scan_actions[22m | rockcorner.png[39m[0m
[  19% ] [90m[1m_update_scan_actions[22m | rockedge.png[39m[0m
[  19% ] [90m[1m_update_scan_actions[22m | rocktexture.jpeg[39m[0m
[  19% ] [90m[1m_update_scan_actions[22m | rocktexture.webp[39m[0m
[  20% ] [90m[1m_update_scan_actions[22m | rockwall.webp[39m[0m
[  20% ] [90m[1m_update_scan_actions[22m | sand1.webp[39m[0m
[  20% ] [90m[1m_update_scan_actions[22m | sand2.webp[39m[0m
[  21% ] [90m[1m_update_scan_actions[22m | sandoverlay.webp[39m[0m
[  21% ] [90m[1m_update_scan_actions[22m | seaoverlay.webp[39m[0m
[  21% ] [90m[1m_update_scan_actions[22m | ship1.webp[39m[0m
[  21% ] [90m[1m_update_scan_actions[22m | ship.jpg[39m[0m
[  22% ] [90m[1m_update_scan_actions[22m | shipwreck1-p1.jpg[39m[0m
[  22% ] [90m[1m_update_scan_actions[22m | shipwreck1-p2.jpg[39m[0m
[  22% ] [90m[1m_update_scan_actions[22m | spikerock.webp[39m[0m
[  23% ] [90m[1m_update_scan_actions[22m | statue.webp[39m[0m
[  23% ] [90m[1m_update_scan_actions[22m | vent1.webp[39m[0m
[  23% ] [90m[1m_update_scan_actions[22m | vent.webp[39m[0m
[  24% ] [90m[1m_update_scan_actions[22m | volcano.webp[39m[0m
[  24% ] [90m[1m_update_scan_actions[22m | waterbg.jpg[39m[0m
[  24% ] [90m[1m_update_scan_actions[22m | waterbgparalax2.webp[39m[0m
[  24% ] [90m[1m_update_scan_actions[22m | waterbgparalax.webp[39m[0m
[  25% ] [90m[1m_update_scan_actions[22m | waterbgshadow.webp[39m[0m
[  25% ] [90m[1m_update_scan_actions[22m | waterdeepbg2.jpg[39m[0m
[  25% ] [90m[1m_update_scan_actions[22m | waterdeepbg.jpg[39m[0m
[  26% ] [90m[1m_update_scan_actions[22m | waterskybg.jpg[39m[0m
[  26% ] [90m[1m_update_scan_actions[22m | watertile.jpg[39m[0m
[  26% ] [90m[1m_update_scan_actions[22m | companion_leaf_sheep0.png[39m[0m
[  27% ] [90m[1m_update_scan_actions[22m | companion_leaf_sheep1.png[39m[0m
[  27% ] [90m[1m_update_scan_actions[22m | companion_leaf_sheep2.png[39m[0m
[  27% ] [90m[1m_update_scan_actions[22m | die01.webp[39m[0m
[  27% ] [90m[1m_update_scan_actions[22m | die02.webp[39m[0m
[  28% ] [90m[1m_update_scan_actions[22m | die03.webp[39m[0m
[  28% ] [90m[1m_update_scan_actions[22m | die04.webp[39m[0m
[  28% ] [90m[1m_update_scan_actions[22m | die05.webp[39m[0m
[  29% ] [90m[1m_update_scan_actions[22m | die06.webp[39m[0m
[  29% ] [90m[1m_update_scan_actions[22m | die07.webp[39m[0m
[  29% ] [90m[1m_update_scan_actions[22m | die08.webp[39m[0m
[  30% ] [90m[1m_update_scan_actions[22m | die09.webp[39m[0m
[  30% ] [90m[1m_update_scan_actions[22m | hylas-conch1_01.webp[39m[0m
[  30% ] [90m[1m_update_scan_actions[22m | hylas-conch1_02.webp[39m[0m
[  30% ] [90m[1m_update_scan_actions[22m | hylas-conch1_03.webp[39m[0m
[  31% ] [90m[1m_update_scan_actions[22m | hylas-conch1_04.webp[39m[0m
[  31% ] [90m[1m_update_scan_actions[22m | hylas-conch1_05.webp[39m[0m
[  31% ] [90m[1m_update_scan_actions[22m | hylas-conch1_06.webp[39m[0m
[  32% ] [90m[1m_update_scan_actions[22m | hylas-crawl_01.webp[39m[0m
[  32% ] [90m[1m_update_scan_actions[22m | hylas-crawl_02.webp[39m[0m
[  32% ] [90m[1m_update_scan_actions[22m | hylas-crawl_03.webp[39m[0m
[  33% ] [90m[1m_update_scan_actions[22m | hylas-crawl_04.webp[39m[0m
[  33% ] [90m[1m_update_scan_actions[22m | hylas-flip_01.webp[39m[0m
[  33% ] [90m[1m_update_scan_actions[22m | hylas-flip_02.webp[39m[0m
[  33% ] [90m[1m_update_scan_actions[22m | hylas-flip_03.webp[39m[0m
[  34% ] [90m[1m_update_scan_actions[22m | hylas-flip_04.webp[39m[0m
[  34% ] [90m[1m_update_scan_actions[22m | hylas-flip_05.webp[39m[0m
[  34% ] [90m[1m_update_scan_actions[22m | hylas-flip_06.webp[39m[0m
[  35% ] [90m[1m_update_scan_actions[22m | hylas-flip_07.webp[39m[0m
[  35% ] [90m[1m_update_scan_actions[22m | hylas-greatfin-conchA01.webp[39m[0m
[  35% ] [90m[1m_update_scan_actions[22m | hylas-greatfin-conchA02.webp[39m[0m
[  36% ] [90m[1m_update_scan_actions[22m | hylas-greatfin-conchA03.webp[39m[0m
[  36% ] [90m[1m_update_scan_actions[22m | hylas-greatfin-conchA04.webp[39m[0m
[  36% ] [90m[1m_update_scan_actions[22m | hylas-greatfin-conchA05.webp[39m[0m
[  36% ] [90m[1m_update_scan_actions[22m | hylas-greatfin-conchA06.webp[39m[0m
[  37% ] [90m[1m_update_scan_actions[22m | hylas-greatfin-crawl01.webp[39m[0m
[  37% ] [90m[1m_update_scan_actions[22m | hylas-greatfin-crawl02.webp[39m[0m
[  37% ] [90m[1m_update_scan_actions[22m | hylas-greatfin-crawl03.webp[39m[0m
[  38% ] [90m[1m_update_scan_actions[22m | hylas-greatfin-crawl04.webp[39m[0m
[  38% ] [90m[1m_update_scan_actions[22m | hylas-greatfin-idle01.webp[39m[0m
[  38% ] [90m[1m_update_scan_actions[22m | hylas-greatfin-idle02.webp[39m[0m
[  39% ] [90m[1m_update_scan_actions[22m | hylas-greatfin-idle03.webp[39m[0m
[  39% ] [90m[1m_update_scan_actions[22m | hylas-greatfin-idle04.webp[39m[0m
[  39% ] [90m[1m_update_scan_actions[22m | hylas-greatfin-jump01.webp[39m[0m
[  39% ] [90m[1m_update_scan_actions[22m | hylas-greatfin-jump02.webp[39m[0m
[  40% ] [90m[1m_update_scan_actions[22m | hylas-greatfin-jump03.webp[39m[0m
[  40% ] [90m[1m_update_scan_actions[22m | hylas-greatfin-jump04.webp[39m[0m
[  40% ] [90m[1m_update_scan_actions[22m | hylas-greatfin-jump05.webp[39m[0m
[  41% ] [90m[1m_update_scan_actions[22m | hylas-greatfin-jump06.webp[39m[0m
[  41% ] [90m[1m_update_scan_actions[22m | hylas-greatfin-speed01.webp[39m[0m
[  41% ] [90m[1m_update_scan_actions[22m | hylas-greatfin-speed02.webp[39m[0m
[  42% ] [90m[1m_update_scan_actions[22m | hylas-greatfin-speed03.webp[39m[0m
[  42% ] [90m[1m_update_scan_actions[22m | hylas-greatfin-speed04.webp[39m[0m
[  42% ] [90m[1m_update_scan_actions[22m | hylas-greatfin-speed05.webp[39m[0m
[  42% ] [90m[1m_update_scan_actions[22m | hylas-greatfin-speed06.webp[39m[0m
[  43% ] [90m[1m_update_scan_actions[22m | hylas-greatfin-stop01.webp[39m[0m
[  43% ] [90m[1m_update_scan_actions[22m | hylas-greatfin-stop02.webp[39m[0m
[  43% ] [90m[1m_update_scan_actions[22m | hylas-greatfin-stop03.webp[39m[0m
[  44% ] [90m[1m_update_scan_actions[22m | hylas-greatfin-stop04.webp[39m[0m
[  44% ] [90m[1m_update_scan_actions[22m | hylas-greatfin-stop05.webp[39m[0m
[  44% ] [90m[1m_update_scan_actions[22m | hylas-greatfin-swim01.webp[39m[0m
[  45% ] [90m[1m_update_scan_actions[22m | hylas-greatfin-swim02.webp[39m[0m
[  45% ] [90m[1m_update_scan_actions[22m | hylas-greatfin-swim03.webp[39m[0m
[  45% ] [90m[1m_update_scan_actions[22m | hylas-greatfin-swim04.webp[39m[0m
[  45% ] [90m[1m_update_scan_actions[22m | hylas-greatfin-tailflip01.webp[39m[0m
[  46% ] [90m[1m_update_scan_actions[22m | hylas-greatfin-tailflip02.webp[39m[0m
[  46% ] [90m[1m_update_scan_actions[22m | hylas-greatfin-tailflip03.webp[39m[0m
[  46% ] [90m[1m_update_scan_actions[22m | hylas-greatfin-tailflip04.png[39m[0m
[  47% ] [90m[1m_update_scan_actions[22m | hylas-greatfin-tailflip05.webp[39m[0m
[  47% ] [90m[1m_update_scan_actions[22m | hylas-greatfin-tailflip06.webp[39m[0m
[  47% ] [90m[1m_update_scan_actions[22m | hylas-idle_01.webp[39m[0m
[  48% ] [90m[1m_update_scan_actions[22m | hylas-idle_02.webp[39m[0m
[  48% ] [90m[1m_update_scan_actions[22m | hylas-idle_03.webp[39m[0m
[  48% ] [90m[1m_update_scan_actions[22m | hylas-idle_04.webp[39m[0m
[  48% ] [90m[1m_update_scan_actions[22m | hylas-jump_01.webp[39m[0m
[  49% ] [90m[1m_update_scan_actions[22m | hylas-jump_01a.webp[39m[0m
[  49% ] [90m[1m_update_scan_actions[22m | hylas-jump_02.webp[39m[0m
[  49% ] [90m[1m_update_scan_actions[22m | hylas-jump_03.webp[39m[0m
[  50% ] [90m[1m_update_scan_actions[22m | hylas-jump_03a.webp[39m[0m
[  50% ] [90m[1m_update_scan_actions[22m | hylas-jump_04.webp[39m[0m
[  50% ] [90m[1m_update_scan_actions[22m | hylas-ricochet_01.webp[39m[0m
[  51% ] [90m[1m_update_scan_actions[22m | hylas-ricochet_02.webp[39m[0m
[  51% ] [90m[1m_update_scan_actions[22m | hylas-speed_02.webp[39m[0m
[  51% ] [90m[1m_update_scan_actions[22m | hylas-speed_03.webp[39m[0m
[  51% ] [90m[1m_update_scan_actions[22m | hylas-speed_04.webp[39m[0m
[  52% ] [90m[1m_update_scan_actions[22m | hylas-speed_05.webp[39m[0m
[  52% ] [90m[1m_update_scan_actions[22m | hylas-speed_06.webp[39m[0m
[  52% ] [90m[1m_update_scan_actions[22m | hylas-stop_01.webp[39m[0m
[  53% ] [90m[1m_update_scan_actions[22m | hylas-stop_02.webp[39m[0m
[  53% ] [90m[1m_update_scan_actions[22m | hylas-stop_03.webp[39m[0m
[  53% ] [90m[1m_update_scan_actions[22m | hylas-stop_04.webp[39m[0m
[  54% ] [90m[1m_update_scan_actions[22m | hylas-stop_05.webp[39m[0m
[  54% ] [90m[1m_update_scan_actions[22m | hylas-stop_06.webp[39m[0m
[  54% ] [90m[1m_update_scan_actions[22m | hylas-stop_07.webp[39m[0m
[  54% ] [90m[1m_update_scan_actions[22m | hylas-swim_01.webp[39m[0m
[  55% ] [90m[1m_update_scan_actions[22m | hylas-swim_02.webp[39m[0m
[  55% ] [90m[1m_update_scan_actions[22m | hylas-swim_03.webp[39m[0m
[  55% ] [90m[1m_update_scan_actions[22m | hylas-swim_04.webp[39m[0m
[  56% ] [90m[1m_update_scan_actions[22m | hylas-swim_05.webp[39m[0m
[  56% ] [90m[1m_update_scan_actions[22m | hylas-swim_06.webp[39m[0m
[  56% ] [90m[1m_update_scan_actions[22m | hylas-swim_07.webp[39m[0m
[  57% ] [90m[1m_update_scan_actions[22m | shell_charonia_tritonis.png[39m[0m
[  57% ] [90m[1m_update_scan_actions[22m | shell_conus_textile.png[39m[0m
[  57% ] [90m[1m_update_scan_actions[22m | shell_normal_conch.png[39m[0m
[  57% ] [90m[1m_update_scan_actions[22m | shell_terebridae.png[39m[0m
[  58% ] [90m[1m_update_scan_actions[22m | whale01.webp[39m[0m
[  58% ] [90m[1m_update_scan_actions[22m | whale02.webp[39m[0m
[  58% ] [90m[1m_update_scan_actions[22m | whale03.webp[39m[0m
[  59% ] [90m[1m_update_scan_actions[22m | whale04.webp[39m[0m
[  59% ] [90m[1m_update_scan_actions[22m | whale05.webp[39m[0m
[  59% ] [90m[1m_update_scan_actions[22m | debris00.webp[39m[0m
[  60% ] [90m[1m_update_scan_actions[22m | debris01.webp[39m[0m
[  60% ] [90m[1m_update_scan_actions[22m | debris02.webp[39m[0m
[  60% ] [90m[1m_update_scan_actions[22m | debris03.webp[39m[0m
[  60% ] [90m[1m_update_scan_actions[22m | debris04.webp[39m[0m
[  61% ] [90m[1m_update_scan_actions[22m | debris05.webp[39m[0m
[  61% ] [90m[1m_update_scan_actions[22m | rocktexture.jpg[39m[0m
[  61% ] [90m[1m_update_scan_actions[22m | sonar.webp[39m[0m
[  62% ] [90m[1m_update_scan_actions[22m | splash1.webp[39m[0m
[  62% ] [90m[1m_update_scan_actions[22m | splash2.webp[39m[0m
[  62% ] [90m[1m_update_scan_actions[22m | splash3.webp[39m[0m
[  63% ] [90m[1m_update_scan_actions[22m | splash4.webp[39m[0m
[  63% ] [90m[1m_update_scan_actions[22m | splash5.webp[39m[0m
[  63% ] [90m[1m_update_scan_actions[22m | vignette.png[39m[0m
[  63% ] [90m[1m_update_scan_actions[22m | hazard_black_bloom0.png[39m[0m
[  64% ] [90m[1m_update_scan_actions[22m | hazard_black_bloom1.png[39m[0m
[  64% ] [90m[1m_update_scan_actions[22m | hazard_black_bloom2.png[39m[0m
[  64% ] [90m[1m_update_scan_actions[22m | hazard_black_bloom3.png[39m[0m
[  65% ] [90m[1m_update_scan_actions[22m | hazard_black_bloom4.png[39m[0m
[  65% ] [90m[1m_update_scan_actions[22m | jellyfish0.webp[39m[0m
[  65% ] [90m[1m_update_scan_actions[22m | jellyfish02.webp[39m[0m
[  66% ] [90m[1m_update_scan_actions[22m | jellyfish03.webp[39m[0m
[  66% ] [90m[1m_update_scan_actions[22m | jellyfish04.webp[39m[0m
[  66% ] [90m[1m_update_scan_actions[22m | jellyfish05.webp[39m[0m
[  66% ] [90m[1m_update_scan_actions[22m | jellyfish06.webp[39m[0m
[  67% ] [90m[1m_update_scan_actions[22m | shark1.webp[39m[0m
[  67% ] [90m[1m_update_scan_actions[22m | shark2.webp[39m[0m
[  67% ] [90m[1m_update_scan_actions[22m | shark3.webp[39m[0m
[  68% ] [90m[1m_update_scan_actions[22m | shark4.webp[39m[0m
[  68% ] [90m[1m_update_scan_actions[22m | shark5.webp[39m[0m
[  68% ] [90m[1m_update_scan_actions[22m | shark6.webp[39m[0m
[  69% ] [90m[1m_update_scan_actions[22m | shark7.webp[39m[0m
[  69% ] [90m[1m_update_scan_actions[22m | shark8.webp[39m[0m
[  69% ] [90m[1m_update_scan_actions[22m | shark9.webp[39m[0m
[  69% ] [90m[1m_update_scan_actions[22m | 02_floor_mosaic_tiles.png[39m[0m
[  70% ] [90m[1m_update_scan_actions[22m | 03_terracotta_figurine_human.png[39m[0m
[  70% ] [90m[1m_update_scan_actions[22m | 04_terracotta_figurine_animal.png[39m[0m
[  70% ] [90m[1m_update_scan_actions[22m | 05_terracotta_figurine_deity_idol.png[39m[0m
[  71% ] [90m[1m_update_scan_actions[22m | 06_oil_lamp.png[39m[0m
[  71% ] [90m[1m_update_scan_actions[22m | 07_obsidian_arrowhead.png[39m[0m
[  71% ] [90m[1m_update_scan_actions[22m | 08_perfume_bottle.png[39m[0m
[  72% ] [90m[1m_update_scan_actions[22m | 09_soldier_helmet.png[39m[0m
[  72% ] [90m[1m_update_scan_actions[22m | 10_bell_shaped_block_of_lead.png[39m[0m
[  72% ] [90m[1m_update_scan_actions[22m | Antikythera Mechanism.png[39m[0m
[  72% ] [90m[1m_update_scan_actions[22m | box.png[39m[0m
[  73% ] [90m[1m_update_scan_actions[22m | conusdart.png[39m[0m
[  73% ] [90m[1m_update_scan_actions[22m | conustext.jpg[39m[0m
[  73% ] [90m[1m_update_scan_actions[22m | fish1.webp[39m[0m
[  74% ] [90m[1m_update_scan_actions[22m | fish2.webp[39m[0m
[  74% ] [90m[1m_update_scan_actions[22m | fish3.webp[39m[0m
[  74% ] [90m[1m_update_scan_actions[22m | food_crown_sea_grapes.png[39m[0m
[  75% ] [90m[1m_update_scan_actions[22m | food_samphire.png[39m[0m
[  75% ] [90m[1m_update_scan_actions[22m | food_scavenged_fish2.png[39m[0m
[  75% ] [90m[1m_update_scan_actions[22m | food_scavenged_fish.png[39m[0m
[  75% ] [90m[1m_update_scan_actions[22m | food_sea_grapes.png[39m[0m
[  76% ] [90m[1m_update_scan_actions[22m | grapes2.png[39m[0m
[  76% ] [90m[1m_update_scan_actions[22m | item_echo_amphora.png[39m[0m
[  76% ] [90m[1m_update_scan_actions[22m | item_kestos_himas.png[39m[0m
[  77% ] [90m[1m_update_scan_actions[22m | item_mati_amulet.png[39m[0m
[  77% ] [90m[1m_update_scan_actions[22m | item_pelanos_cake.png[39m[0m
[  77% ] [90m[1m_update_scan_actions[22m | item_seaweed_grapes_box.png[39m[0m
[  78% ] [90m[1m_update_scan_actions[22m | item_tyche_margarites.png[39m[0m
[  78% ] [90m[1m_update_scan_actions[22m | overlay_myra_market_table.webp[39m[0m
[  78% ] [90m[1m_update_scan_actions[22m | passive_tide_anemone.png[39m[0m
[  78% ] [90m[1m_update_scan_actions[22m | reference_abyssium_star_greek_key_joint.png[39m[0m
[  79% ] [90m[1m_update_scan_actions[22m | rock11.webp[39m[0m
[  79% ] [90m[1m_update_scan_actions[22m | scenery_pillars_ruins01.png[39m[0m
[  79% ] [90m[1m_update_scan_actions[22m | scenery_pillars_ruins02.png[39m[0m
[  80% ] [90m[1m_update_scan_actions[22m | scenery_pillars_ruins03.png[39m[0m
[  80% ] [90m[1m_update_scan_actions[22m | scenery_pillars_ruins04.png[39m[0m
[  80% ] [90m[1m_update_scan_actions[22m | scenery_pillars_ruins05.png[39m[0m
[  81% ] [90m[1m_update_scan_actions[22m | scenery_pillars_ruins06.png[39m[0m
[  81% ] [90m[1m_update_scan_actions[22m | shell_argonauta.png[39m[0m
[  81% ] [90m[1m_update_scan_actions[22m | shell_charonia_tritonis.png[39m[0m
[  81% ] [90m[1m_update_scan_actions[22m | shell_conus_textile.png[39m[0m
[  82% ] [90m[1m_update_scan_actions[22m | shell_haliotis.png[39m[0m
[  82% ] [90m[1m_update_scan_actions[22m | shell_murex_pecten.png[39m[0m
[  82% ] [90m[1m_update_scan_actions[22m | shell_terebridae.png[39m[0m
[  83% ] [90m[1m_update_scan_actions[22m | shell_tridacna_gigas.png[39m[0m
[  83% ] [90m[1m_update_scan_actions[22m | shop_myra_current_stock_display.png[39m[0m
[  83% ] [90m[1m_update_scan_actions[22m | ui_mati.png[39m[0m
[  84% ] [90m[1m_update_scan_actions[22m | 01_ancient_greek_coins.png[39m[0m
[  84% ] [90m[1m_update_scan_actions[22m | button1.webp[39m[0m
[  84% ] [90m[1m_update_scan_actions[22m | button2.webp[39m[0m
[  84% ] [90m[1m_update_scan_actions[22m | button3.webp[39m[0m
[  85% ] [90m[1m_update_scan_actions[22m | dialogueboxh.webp[39m[0m
[  85% ] [90m[1m_update_scan_actions[22m | dialogueboxv.webp[39m[0m
[  85% ] [90m[1m_update_scan_actions[22m | item_fish_tail_reserve.png[39m[0m
[  86% ] [90m[1m_update_scan_actions[22m | load01.webp[39m[0m
[  86% ] [90m[1m_update_scan_actions[22m | load02.webp[39m[0m
[  86% ] [90m[1m_update_scan_actions[22m | load03.webp[39m[0m
[  87% ] [90m[1m_update_scan_actions[22m | load04.webp[39m[0m
[  87% ] [90m[1m_update_scan_actions[22m | load05.webp[39m[0m
[  87% ] [90m[1m_update_scan_actions[22m | load06.webp[39m[0m
[  87% ] [90m[1m_update_scan_actions[22m | load07.webp[39m[0m
[  88% ] [90m[1m_update_scan_actions[22m | oracle.webp[39m[0m
[  88% ] [90m[1m_update_scan_actions[22m | seaofpillars.webp[39m[0m
[  88% ] [90m[1m_update_scan_actions[22m | shell_normal_conch.png[39m[0m
[  89% ] [90m[1m_update_scan_actions[22m | textblock.webp[39m[0m
[  89% ] [90m[1m_update_scan_actions[22m | title.png[39m[0m
[  89% ] [90m[1m_update_scan_actions[22m | UI1.webp[39m[0m
[  90% ] [90m[1m_update_scan_actions[22m | UI2.webp[39m[0m
[  90% ] [90m[1m_update_scan_actions[22m | UI3.webp[39m[0m
[  90% ] [90m[1m_update_scan_actions[22m | UI4.webp[39m[0m
[  90% ] [90m[1m_update_scan_actions[22m | UI5.webp[39m[0m
[  91% ] [90m[1m_update_scan_actions[22m | UI6.webp[39m[0m
[  91% ] [90m[1m_update_scan_actions[22m | ui_location_agora_of_myra.png[39m[0m
[  91% ] [90m[1m_update_scan_actions[22m | ui_location_hieron_of_the_oracle.png[39m[0m
[  92% ] [90m[1m_update_scan_actions[22m | ui_location_whale_breeding_ground.png[39m[0m
[  92% ] [90m[1m_update_scan_actions[22m | ui_travel_approaching_erythraean_sea.png[39m[0m
[  92% ] [90m[1m_update_scan_actions[22m | ui_travel_approaching_sea_of_pillars.png[39m[0m
[  93% ] [90m[1m_update_scan_actions[22m | ui_travel_leaving_erythraean_sea.png[39m[0m
[  93% ] [90m[1m_update_scan_actions[22m | ui_travel_leaving_neresithoppos.png[39m[0m
[  93% ] [90m[1m_update_scan_actions[22m | ui_travel_leaving_sea_of_pillars.png[39m[0m
[  93% ] [90m[1m_update_scan_actions[22m | ui_travel_welcome_neresithoppos.png[39m[0m
[  94% ] [90m[1m_update_scan_actions[22m | worldmapoverlay.webp[39m[0m
[  94% ] [90m[1m_update_scan_actions[22m | ui_travel_approaching_erythraean_sea.png[39m[0m
[  94% ] [90m[1m_update_scan_actions[22m | ui_travel_approaching_sea_of_pillars.png[39m[0m
[  95% ] [90m[1m_update_scan_actions[22m | ui_travel_leaving_erythraean_sea.png[39m[0m
[  95% ] [90m[1m_update_scan_actions[22m | ui_travel_leaving_sea_of_pillars.png[39m[0m
[  95% ] [90m[1m_update_scan_actions[22m | whalemouthframe.webp[39m[0m
[  96% ] [90m[1m_update_scan_actions[22m | beach.webp[39m[0m
[  96% ] [90m[1m_update_scan_actions[22m | mountainoverlay04.webp[39m[0m
[  96% ] [90m[1m_update_scan_actions[22m | mountainoverlay05.webp[39m[0m
[  96% ] [90m[1m_update_scan_actions[22m | pillars.webp[39m[0m
[  97% ] [90m[1m_update_scan_actions[22m | rockwall.webp[39m[0m
[  97% ] [90m[1m_update_scan_actions[22m | ship1.webp[39m[0m
[  97% ] [90m[1m_update_scan_actions[22m | vent1.webp[39m[0m
[  98% ] [90m[1m_update_scan_actions[22m | vent.webp[39m[0m
[  98% ] [90m[1m_update_scan_actions[22m | volcano.webp[39m[0m
[  98% ] [90m[1m_update_scan_actions[22m | fish1.webp[39m[0m
[  99% ] [90m[1m_update_scan_actions[22m | fish2.webp[39m[0m
[  99% ] [90m[1m_update_scan_actions[22m | fish3.webp[39m[0m
[92m[ DONE ][39m [1m_update_scan_actions[22m
[0m
[   0% ] [90m[1mreimport[22m | Started (Re)Importing Assets (331 steps)[39m[0m
[   0% ] [90m[1mreimport[22m | Preparing files to reimport...[39m[0m
[   0% ] [90m[1mreimport[22m | Preparing files to reimport...[39m[0m
[   0% ] [90m[1mreimport[22m | Preparing files to reimport...[39m[0m
[   0% ] [90m[1mreimport[22m | Preparing files to reimport...[39m[0m
[   1% ] [90m[1mreimport[22m | Preparing files to reimport...[39m[0m
[   1% ] [90m[1mreimport[22m | Preparing files to reimport...[39m[0m
[   1% ] [90m[1mreimport[22m | Preparing files to reimport...[39m[0m
[   2% ] [90m[1mreimport[22m | Preparing files to reimport...[39m[0m
[   2% ] [90m[1mreimport[22m | Preparing files to reimport...[39m[0m
[   2% ] [90m[1mreimport[22m | Preparing files to reimport...[39m[0m
[   3% ] [90m[1mreimport[22m | Preparing files to reimport...[39m[0m
[   3% ] [90m[1mreimport[22m | Preparing files to reimport...[39m[0m
[   3% ] [90m[1mreimport[22m | Preparing files to reimport...[39m[0m
[   3% ] [90m[1mreimport[22m | Preparing files to reimport...[39m[0m
[   4% ] [90m[1mreimport[22m | Preparing files to reimport...[39m[0m
[   4% ] [90m[1mreimport[22m | Preparing files to reimport...[39m[0m
[   4% ] [90m[1mreimport[22m | Preparing files to reimport...[39m[0m
[   5% ] [90m[1mreimport[22m | Preparing files to reimport...[39m[0m
[   5% ] [90m[1mreimport[22m | Preparing files to reimport...[39m[0m
[   5% ] [90m[1mreimport[22m | Preparing files to reimport...[39m[0m
[   6% ] [90m[1mreimport[22m | Preparing files to reimport...[39m[0m
[   6% ] [90m[1mreimport[22m | Preparing files to reimport...[39m[0m
[   6% ] [90m[1mreimport[22m | Preparing files to reimport...[39m[0m
[   6% ] [90m[1mreimport[22m | Preparing files to reimport...[39m[0m
[   7% ] [90m[1mreimport[22m | Preparing files to reimport...[39m[0m
[   7% ] [90m[1mreimport[22m | Preparing files to reimport...[39m[0m
[   7% ] [90m[1mreimport[22m | Preparing files to reimport...[39m[0m
[   8% ] [90m[1mreimport[22m | Preparing files to reimport...[39m[0m
[   8% ] [90m[1mreimport[22m | Preparing files to reimport...[39m[0m
[   8% ] [90m[1mreimport[22m | Preparing files to reimport...[39m[0m
[   9% ] [90m[1mreimport[22m | Preparing files to reimport...[39m[0m
[   9% ] [90m[1mreimport[22m | Preparing files to reimport...[39m[0m
[   9% ] [90m[1mreimport[22m | Preparing files to reimport...[39m[0m
[   9% ] [90m[1mreimport[22m | Preparing files to reimport...[39m[0m
[  10% ] [90m[1mreimport[22m | Preparing files to reimport...[39m[0m
[  10% ] [90m[1mreimport[22m | Preparing files to reimport...[39m[0m
[  10% ] [90m[1mreimport[22m | Preparing files to reimport...[39m[0m
[  11% ] [90m[1mreimport[22m | Preparing files to reimport...[39m[0m
[  11% ] [90m[1mreimport[22m | Preparing files to reimport...[39m[0m
[  11% ] [90m[1mreimport[22m | Preparing files to reimport...[39m[0m
[  12% ] [90m[1mreimport[22m | Preparing files to reimport...[39m[0m
[  12% ] [90m[1mreimport[22m | Preparing files to reimport...[39m[0m
[  12% ] [90m[1mreimport[22m | Preparing files to reimport...[39m[0m
[  12% ] [90m[1mreimport[22m | Preparing files to reimport...[39m[0m
[  13% ] [90m[1mreimport[22m | Preparing files to reimport...[39m[0m
[  13% ] [90m[1mreimport[22m | Preparing files to reimport...[39m[0m
[  13% ] [90m[1mreimport[22m | Preparing files to reimport...[39m[0m
[  14% ] [90m[1mreimport[22m | Preparing files to reimport...[39m[0m
[  14% ] [90m[1mreimport[22m | Preparing files to reimport...[39m[0m
[  14% ] [90m[1mreimport[22m | Preparing files to reimport...[39m[0m
[  15% ] [90m[1mreimport[22m | Preparing files to reimport...[39m[0m
[  15% ] [90m[1mreimport[22m | Preparing files to reimport...[39m[0m
[  15% ] [90m[1mreimport[22m | Preparing files to reimport...[39m[0m
[  15% ] [90m[1mreimport[22m | Preparing files to reimport...[39m[0m
[  16% ] [90m[1mreimport[22m | Preparing files to reimport...[39m[0m
[  16% ] [90m[1mreimport[22m | Preparing files to reimport...[39m[0m
[  16% ] [90m[1mreimport[22m | Preparing files to reimport...[39m[0m
[  17% ] [90m[1mreimport[22m | Preparing files to reimport...[39m[0m
[  17% ] [90m[1mreimport[22m | Preparing files to reimport...[39m[0m
[  17% ] [90m[1mreimport[22m | Preparing files to reimport...[39m[0m
[  18% ] [90m[1mreimport[22m | Preparing files to reimport...[39m[0m
[  18% ] [90m[1mreimport[22m | Preparing files to reimport...[39m[0m
[  18% ] [90m[1mreimport[22m | Preparing files to reimport...[39m[0m
[  18% ] [90m[1mreimport[22m | Preparing files to reimport...[39m[0m
[  19% ] [90m[1mreimport[22m | Preparing files to reimport...[39m[0m
[  19% ] [90m[1mreimport[22m | Preparing files to reimport...[39m[0m
[  19% ] [90m[1mreimport[22m | Preparing files to reimport...[39m[0m
[  20% ] [90m[1mreimport[22m | Preparing files to reimport...[39m[0m
[  20% ] [90m[1mreimport[22m | Preparing files to reimport...[39m[0m
[  20% ] [90m[1mreimport[22m | Preparing files to reimport...[39m[0m
[  21% ] [90m[1mreimport[22m | Preparing files to reimport...[39m[0m
[  21% ] [90m[1mreimport[22m | Preparing files to reimport...[39m[0m
[  21% ] [90m[1mreimport[22m | Preparing files to reimport...[39m[0m
[  21% ] [90m[1mreimport[22m | Preparing files to reimport...[39m[0m
[  22% ] [90m[1mreimport[22m | Preparing files to reimport...[39m[0m
[  22% ] [90m[1mreimport[22m | Preparing files to reimport...[39m[0m
[  22% ] [90m[1mreimport[22m | Preparing files to reimport...[39m[0m
[  23% ] [90m[1mreimport[22m | Preparing files to reimport...[39m[0m
[  23% ] [90m[1mreimport[22m | Preparing files to reimport...[39m[0m
[  23% ] [90m[1mreimport[22m | Preparing files to reimport...[39m[0m
[  24% ] [90m[1mreimport[22m | Preparing files to reimport...[39m[0m
[  24% ] [90m[1mreimport[22m | Preparing files to reimport...[39m[0m
[  24% ] [90m[1mreimport[22m | Preparing files to reimport...[39m[0m
[  25% ] [90m[1mreimport[22m | Preparing files to reimport...[39m[0m
[  25% ] [90m[1mreimport[22m | Preparing files to reimport...[39m[0m
[  25% ] [90m[1mreimport[22m | Preparing files to reimport...[39m[0m
[  25% ] [90m[1mreimport[22m | Preparing files to reimport...[39m[0m
[  26% ] [90m[1mreimport[22m | Preparing files to reimport...[39m[0m
[  26% ] [90m[1mreimport[22m | Preparing files to reimport...[39m[0m
[  26% ] [90m[1mreimport[22m | Preparing files to reimport...[39m[0m
[  27% ] [90m[1mreimport[22m | Preparing files to reimport...[39m[0m
[  27% ] [90m[1mreimport[22m | Preparing files to reimport...[39m[0m
[  27% ] [90m[1mreimport[22m | Preparing files to reimport...[39m[0m
[  28% ] [90m[1mreimport[22m | Preparing files to reimport...[39m[0m
[  28% ] [90m[1mreimport[22m | Preparing files to reimport...[39m[0m
[  28% ] [90m[1mreimport[22m | Preparing files to reimport...[39m[0m
[  28% ] [90m[1mreimport[22m | Preparing files to reimport...[39m[0m
[  29% ] [90m[1mreimport[22m | Preparing files to reimport...[39m[0m
[  29% ] [90m[1mreimport[22m | Preparing files to reimport...[39m[0m
[  29% ] [90m[1mreimport[22m | Preparing files to reimport...[39m[0m
[  30% ] [90m[1mreimport[22m | Preparing files to reimport...[39m[0m
[  30% ] [90m[1mreimport[22m | Preparing files to reimport...[39m[0m
[  30% ] [90m[1mreimport[22m | Preparing files to reimport...[39m[0m
[  31% ] [90m[1mreimport[22m | Preparing files to reimport...[39m[0m
[  31% ] [90m[1mreimport[22m | Preparing files to reimport...[39m[0m
[  31% ] [90m[1mreimport[22m | Preparing files to reimport...[39m[0m
[  31% ] [90m[1mreimport[22m | Preparing files to reimport...[39m[0m
[  32% ] [90m[1mreimport[22m | Preparing files to reimport...[39m[0m
[  32% ] [90m[1mreimport[22m | Preparing files to reimport...[39m[0m
[  32% ] [90m[1mreimport[22m | Preparing files to reimport...[39m[0m
[  33% ] [90m[1mreimport[22m | Preparing files to reimport...[39m[0m
[  33% ] [90m[1mreimport[22m | Preparing files to reimport...[39m[0m
[  33% ] [90m[1mreimport[22m | Preparing files to reimport...[39m[0m
[  34% ] [90m[1mreimport[22m | Preparing files to reimport...[39m[0m
[  34% ] [90m[1mreimport[22m | Preparing files to reimport...[39m[0m
[  34% ] [90m[1mreimport[22m | Preparing files to reimport...[39m[0m
[  34% ] [90m[1mreimport[22m | Preparing files to reimport...[39m[0m
[  35% ] [90m[1mreimport[22m | Preparing files to reimport...[39m[0m
[  35% ] [90m[1mreimport[22m | Preparing files to reimport...[39m[0m
[  35% ] [90m[1mreimport[22m | Preparing files to reimport...[39m[0m
[  36% ] [90m[1mreimport[22m | Preparing files to reimport...[39m[0m
[  36% ] [90m[1mreimport[22m | Preparing files to reimport...[39m[0m
[  36% ] [90m[1mreimport[22m | Preparing files to reimport...[39m[0m
[  37% ] [90m[1mreimport[22m | Preparing files to reimport...[39m[0m
[  37% ] [90m[1mreimport[22m | Preparing files to reimport...[39m[0m
[  37% ] [90m[1mreimport[22m | Preparing files to reimport...[39m[0m
[  37% ] [90m[1mreimport[22m | Preparing files to reimport...[39m[0m
[  38% ] [90m[1mreimport[22m | Preparing files to reimport...[39m[0m
[  38% ] [90m[1mreimport[22m | Preparing files to reimport...[39m[0m
[  38% ] [90m[1mreimport[22m | Preparing files to reimport...[39m[0m
[  39% ] [90m[1mreimport[22m | Preparing files to reimport...[39m[0m
[  39% ] [90m[1mreimport[22m | Preparing files to reimport...[39m[0m
[  39% ] [90m[1mreimport[22m | Preparing files to reimport...[39m[0m
[  40% ] [90m[1mreimport[22m | Preparing files to reimport...[39m[0m
[  40% ] [90m[1mreimport[22m | Preparing files to reimport...[39m[0m
[  40% ] [90m[1mreimport[22m | Preparing files to reimport...[39m[0m
[  40% ] [90m[1mreimport[22m | Preparing files to reimport...[39m[0m
[  41% ] [90m[1mreimport[22m | Preparing files to reimport...[39m[0m
[  41% ] [90m[1mreimport[22m | Preparing files to reimport...[39m[0m
[  41% ] [90m[1mreimport[22m | Preparing files to reimport...[39m[0m
[  42% ] [90m[1mreimport[22m | Preparing files to reimport...[39m[0m
[  42% ] [90m[1mreimport[22m | Preparing files to reimport...[39m[0m
[  42% ] [90m[1mreimport[22m | Preparing files to reimport...[39m[0m
[  43% ] [90m[1mreimport[22m | Preparing files to reimport...[39m[0m
[  43% ] [90m[1mreimport[22m | Preparing files to reimport...[39m[0m
[  43% ] [90m[1mreimport[22m | Preparing files to reimport...[39m[0m
[  43% ] [90m[1mreimport[22m | Preparing files to reimport...[39m[0m
[  44% ] [90m[1mreimport[22m | Preparing files to reimport...[39m[0m
[  44% ] [90m[1mreimport[22m | Preparing files to reimport...[39m[0m
[  44% ] [90m[1mreimport[22m | Preparing files to reimport...[39m[0m
[  45% ] [90m[1mreimport[22m | Preparing files to reimport...[39m[0m
[  45% ] [90m[1mreimport[22m | Preparing files to reimport...[39m[0m
[  45% ] [90m[1mreimport[22m | Preparing files to reimport...[39m[0m
[  46% ] [90m[1mreimport[22m | Preparing files to reimport...[39m[0m
[  46% ] [90m[1mreimport[22m | Preparing files to reimport...[39m[0m
[  46% ] [90m[1mreimport[22m | Preparing files to reimport...[39m[0m
[  46% ] [90m[1mreimport[22m | Preparing files to reimport...[39m[0m
[  47% ] [90m[1mreimport[22m | Preparing files to reimport...[39m[0m
[  47% ] [90m[1mreimport[22m | Preparing files to reimport...[39m[0m
[  47% ] [90m[1mreimport[22m | Preparing files to reimport...[39m[0m
[  48% ] [90m[1mreimport[22m | Preparing files to reimport...[39m[0m
[  48% ] [90m[1mreimport[22m | Preparing files to reimport...[39m[0m
[  48% ] [90m[1mreimport[22m | Preparing files to reimport...[39m[0m
[  49% ] [90m[1mreimport[22m | Preparing files to reimport...[39m[0m
[  49% ] [90m[1mreimport[22m | Preparing files to reimport...[39m[0m
[  49% ] [90m[1mreimport[22m | Preparing files to reimport...[39m[0m
[  50% ] [90m[1mreimport[22m | Preparing files to reimport...[39m[0m
[  50% ] [90m[1mreimport[22m | Preparing files to reimport...[39m[0m
[  50% ] [90m[1mreimport[22m | Preparing files to reimport...[39m[0m
[  50% ] [90m[1mreimport[22m | Preparing files to reimport...[39m[0m
[  51% ] [90m[1mreimport[22m | Preparing files to reimport...[39m[0m
[  51% ] [90m[1mreimport[22m | Preparing files to reimport...[39m[0m
[  51% ] [90m[1mreimport[22m | Preparing files to reimport...[39m[0m
[  52% ] [90m[1mreimport[22m | Preparing files to reimport...[39m[0m
[  52% ] [90m[1mreimport[22m | Preparing files to reimport...[39m[0m
[  52% ] [90m[1mreimport[22m | Preparing files to reimport...[39m[0m
[  53% ] [90m[1mreimport[22m | Preparing files to reimport...[39m[0m
[  53% ] [90m[1mreimport[22m | Preparing files to reimport...[39m[0m
[  53% ] [90m[1mreimport[22m | Preparing files to reimport...[39m[0m
[  53% ] [90m[1mreimport[22m | Preparing files to reimport...[39m[0m
[  54% ] [90m[1mreimport[22m | Preparing files to reimport...[39m[0m
[  54% ] [90m[1mreimport[22m | Preparing files to reimport...[39m[0m
[  54% ] [90m[1mreimport[22m | Preparing files to reimport...[39m[0m
[  55% ] [90m[1mreimport[22m | Preparing files to reimport...[39m[0m
[  55% ] [90m[1mreimport[22m | Preparing files to reimport...[39m[0m
[  55% ] [90m[1mreimport[22m | Preparing files to reimport...[39m[0m
[  56% ] [90m[1mreimport[22m | Preparing files to reimport...[39m[0m
[  56% ] [90m[1mreimport[22m | Preparing files to reimport...[39m[0m
[  56% ] [90m[1mreimport[22m | Preparing files to reimport...[39m[0m
[  56% ] [90m[1mreimport[22m | Preparing files to reimport...[39m[0m
[  57% ] [90m[1mreimport[22m | Preparing files to reimport...[39m[0m
[  57% ] [90m[1mreimport[22m | Preparing files to reimport...[39m[0m
[  57% ] [90m[1mreimport[22m | Preparing files to reimport...[39m[0m
[  58% ] [90m[1mreimport[22m | Preparing files to reimport...[39m[0m
[  58% ] [90m[1mreimport[22m | Preparing files to reimport...[39m[0m
[  58% ] [90m[1mreimport[22m | Preparing files to reimport...[39m[0m
[  59% ] [90m[1mreimport[22m | Preparing files to reimport...[39m[0m
[  59% ] [90m[1mreimport[22m | Preparing files to reimport...[39m[0m
[  59% ] [90m[1mreimport[22m | Preparing files to reimport...[39m[0m
[  59% ] [90m[1mreimport[22m | Preparing files to reimport...[39m[0m
[  60% ] [90m[1mreimport[22m | Preparing files to reimport...[39m[0m
[  60% ] [90m[1mreimport[22m | Preparing files to reimport...[39m[0m
[  60% ] [90m[1mreimport[22m | Preparing files to reimport...[39m[0m
[  61% ] [90m[1mreimport[22m | Preparing files to reimport...[39m[0m
[  61% ] [90m[1mreimport[22m | Preparing files to reimport...[39m[0m
[  61% ] [90m[1mreimport[22m | Preparing files to reimport...[39m[0m
[  62% ] [90m[1mreimport[22m | Preparing files to reimport...[39m[0m
[  62% ] [90m[1mreimport[22m | Preparing files to reimport...[39m[0m
[  62% ] [90m[1mreimport[22m | Preparing files to reimport...[39m[0m
[  62% ] [90m[1mreimport[22m | Preparing files to reimport...[39m[0m
[  63% ] [90m[1mreimport[22m | Preparing files to reimport...[39m[0m
[  63% ] [90m[1mreimport[22m | Preparing files to reimport...[39m[0m
[  63% ] [90m[1mreimport[22m | Preparing files to reimport...[39m[0m
[  64% ] [90m[1mreimport[22m | Preparing files to reimport...[39m[0m
[  64% ] [90m[1mreimport[22m | Preparing files to reimport...[39m[0m
[  64% ] [90m[1mreimport[22m | Preparing files to reimport...[39m[0m
[  65% ] [90m[1mreimport[22m | Preparing files to reimport...[39m[0m
[  65% ] [90m[1mreimport[22m | Preparing files to reimport...[39m[0m
[  65% ] [90m[1mreimport[22m | Preparing files to reimport...[39m[0m
[  65% ] [90m[1mreimport[22m | Preparing files to reimport...[39m[0m
[  66% ] [90m[1mreimport[22m | Preparing files to reimport...[39m[0m
[  66% ] [90m[1mreimport[22m | Preparing files to reimport...[39m[0m
[  66% ] [90m[1mreimport[22m | Preparing files to reimport...[39m[0m
[  67% ] [90m[1mreimport[22m | Preparing files to reimport...[39m[0m
[  67% ] [90m[1mreimport[22m | Preparing files to reimport...[39m[0m
[  67% ] [90m[1mreimport[22m | Preparing files to reimport...[39m[0m
[  68% ] [90m[1mreimport[22m | Preparing files to reimport...[39m[0m
[  68% ] [90m[1mreimport[22m | Preparing files to reimport...[39m[0m
[  68% ] [90m[1mreimport[22m | Preparing files to reimport...[39m[0m
[  68% ] [90m[1mreimport[22m | Preparing files to reimport...[39m[0m
[  69% ] [90m[1mreimport[22m | Preparing files to reimport...[39m[0m
[  69% ] [90m[1mreimport[22m | Preparing files to reimport...[39m[0m
[  69% ] [90m[1mreimport[22m | Preparing files to reimport...[39m[0m
[  70% ] [90m[1mreimport[22m | Preparing files to reimport...[39m[0m
[  70% ] [90m[1mreimport[22m | Preparing files to reimport...[39m[0m
[  70% ] [90m[1mreimport[22m | Preparing files to reimport...[39m[0m
[  71% ] [90m[1mreimport[22m | Preparing files to reimport...[39m[0m
[  71% ] [90m[1mreimport[22m | Preparing files to reimport...[39m[0m
[  71% ] [90m[1mreimport[22m | Preparing files to reimport...[39m[0m
[  71% ] [90m[1mreimport[22m | Preparing files to reimport...[39m[0m
[  72% ] [90m[1mreimport[22m | Preparing files to reimport...[39m[0m
[  72% ] [90m[1mreimport[22m | Preparing files to reimport...[39m[0m
[  72% ] [90m[1mreimport[22m | Preparing files to reimport...[39m[0m
[  73% ] [90m[1mreimport[22m | Preparing files to reimport...[39m[0m
[  73% ] [90m[1mreimport[22m | Preparing files to reimport...[39m[0m
[  73% ] [90m[1mreimport[22m | Preparing files to reimport...[39m[0m
[  74% ] [90m[1mreimport[22m | Preparing files to reimport...[39m[0m
[  74% ] [90m[1mreimport[22m | Preparing files to reimport...[39m[0m
[  74% ] [90m[1mreimport[22m | Preparing files to reimport...[39m[0m
[  75% ] [90m[1mreimport[22m | Preparing files to reimport...[39m[0m
[  75% ] [90m[1mreimport[22m | Preparing files to reimport...[39m[0m
[  75% ] [90m[1mreimport[22m | Preparing files to reimport...[39m[0m
[  75% ] [90m[1mreimport[22m | Preparing files to reimport...[39m[0m
[  76% ] [90m[1mreimport[22m | Preparing files to reimport...[39m[0m
[  76% ] [90m[1mreimport[22m | Preparing files to reimport...[39m[0m
[  76% ] [90m[1mreimport[22m | Preparing files to reimport...[39m[0m
[  77% ] [90m[1mreimport[22m | Preparing files to reimport...[39m[0m
[  77% ] [90m[1mreimport[22m | Preparing files to reimport...[39m[0m
[  77% ] [90m[1mreimport[22m | Preparing files to reimport...[39m[0m
[  78% ] [90m[1mreimport[22m | Preparing files to reimport...[39m[0m
[  78% ] [90m[1mreimport[22m | Preparing files to reimport...[39m[0m
[  78% ] [90m[1mreimport[22m | Preparing files to reimport...[39m[0m
[  78% ] [90m[1mreimport[22m | Preparing files to reimport...[39m[0m
[  79% ] [90m[1mreimport[22m | Preparing files to reimport...[39m[0m
[  79% ] [90m[1mreimport[22m | Preparing files to reimport...[39m[0m
[  79% ] [90m[1mreimport[22m | Preparing files to reimport...[39m[0m
[  80% ] [90m[1mreimport[22m | Preparing files to reimport...[39m[0m
[  80% ] [90m[1mreimport[22m | Preparing files to reimport...[39m[0m
[  80% ] [90m[1mreimport[22m | Preparing files to reimport...[39m[0m
[  81% ] [90m[1mreimport[22m | Preparing files to reimport...[39m[0m
[  81% ] [90m[1mreimport[22m | Preparing files to reimport...[39m[0m
[  81% ] [90m[1mreimport[22m | Preparing files to reimport...[39m[0m
[  81% ] [90m[1mreimport[22m | Preparing files to reimport...[39m[0m
[  82% ] [90m[1mreimport[22m | Preparing files to reimport...[39m[0m
[  82% ] [90m[1mreimport[22m | Preparing files to reimport...[39m[0m
[  82% ] [90m[1mreimport[22m | Preparing files to reimport...[39m[0m
[  83% ] [90m[1mreimport[22m | Preparing files to reimport...[39m[0m
[  83% ] [90m[1mreimport[22m | Preparing files to reimport...[39m[0m
[  83% ] [90m[1mreimport[22m | Preparing files to reimport...[39m[0m
[  84% ] [90m[1mreimport[22m | Preparing files to reimport...[39m[0m
[  84% ] [90m[1mreimport[22m | Preparing files to reimport...[39m[0m
[  84% ] [90m[1mreimport[22m | Preparing files to reimport...[39m[0m
[  84% ] [90m[1mreimport[22m | Preparing files to reimport...[39m[0m
[  85% ] [90m[1mreimport[22m | Preparing files to reimport...[39m[0m
[  85% ] [90m[1mreimport[22m | Preparing files to reimport...[39m[0m
[  85% ] [90m[1mreimport[22m | Preparing files to reimport...[39m[0m
[  86% ] [90m[1mreimport[22m | Preparing files to reimport...[39m[0m
[  86% ] [90m[1mreimport[22m | Preparing files to reimport...[39m[0m
[  86% ] [90m[1mreimport[22m | Preparing files to reimport...[39m[0m
[  87% ] [90m[1mreimport[22m | Preparing files to reimport...[39m[0m
[  87% ] [90m[1mreimport[22m | Preparing files to reimport...[39m[0m
[  87% ] [90m[1mreimport[22m | Preparing files to reimport...[39m[0m
[  87% ] [90m[1mreimport[22m | Preparing files to reimport...[39m[0m
[  88% ] [90m[1mreimport[22m | Preparing files to reimport...[39m[0m
[  88% ] [90m[1mreimport[22m | Preparing files to reimport...[39m[0m
[  88% ] [90m[1mreimport[22m | Preparing files to reimport...[39m[0m
[  89% ] [90m[1mreimport[22m | Preparing files to reimport...[39m[0m
[  89% ] [90m[1mreimport[22m | Preparing files to reimport...[39m[0m
[  89% ] [90m[1mreimport[22m | Preparing files to reimport...[39m[0m
[  90% ] [90m[1mreimport[22m | Preparing files to reimport...[39m[0m
[  90% ] [90m[1mreimport[22m | Preparing files to reimport...[39m[0m
[  90% ] [90m[1mreimport[22m | Preparing files to reimport...[39m[0m
[  90% ] [90m[1mreimport[22m | Preparing files to reimport...[39m[0m
[  91% ] [90m[1mreimport[22m | Preparing files to reimport...[39m[0m
[  91% ] [90m[1mreimport[22m | Preparing files to reimport...[39m[0m
[  91% ] [90m[1mreimport[22m | Preparing files to reimport...[39m[0m
[  92% ] [90m[1mreimport[22m | Preparing files to reimport...[39m[0m
[  92% ] [90m[1mreimport[22m | Preparing files to reimport...[39m[0m
[  92% ] [90m[1mreimport[22m | Preparing files to reimport...[39m[0m
[  93% ] [90m[1mreimport[22m | Preparing files to reimport...[39m[0m
[  93% ] [90m[1mreimport[22m | Preparing files to reimport...[39m[0m
[  93% ] [90m[1mreimport[22m | Preparing files to reimport...[39m[0m
[  93% ] [90m[1mreimport[22m | Preparing files to reimport...[39m[0m
[  94% ] [90m[1mreimport[22m | Preparing files to reimport...[39m[0m
[  94% ] [90m[1mreimport[22m | Preparing files to reimport...[39m[0m
[  94% ] [90m[1mreimport[22m | Preparing files to reimport...[39m[0m
[  95% ] [90m[1mreimport[22m | Preparing files to reimport...[39m[0m
[  95% ] [90m[1mreimport[22m | Preparing files to reimport...[39m[0m
[  95% ] [90m[1mreimport[22m | Preparing files to reimport...[39m[0m
[  96% ] [90m[1mreimport[22m | Preparing files to reimport...[39m[0m
[  96% ] [90m[1mreimport[22m | Preparing files to reimport...[39m[0m
[  96% ] [90m[1mreimport[22m | Preparing files to reimport...[39m[0m
[  96% ] [90m[1mreimport[22m | Preparing files to reimport...[39m[0m
[  97% ] [90m[1mreimport[22m | Preparing files to reimport...[39m[0m
[  97% ] [90m[1mreimport[22m | Preparing files to reimport...[39m[0m
[  97% ] [90m[1mreimport[22m | Preparing files to reimport...[39m[0m
[  98% ] [90m[1mreimport[22m | Preparing files to reimport...[39m[0m
[  98% ] [90m[1mreimport[22m | Preparing files to reimport...[39m[0m
[  98% ] [90m[1mreimport[22m | Preparing files to reimport...[39m[0m
[  99% ] [90m[1mreimport[22m | Preparing files to reimport...[39m[0m
[  99% ] [90m[1mreimport[22m | Preparing files to reimport...[39m[0m
[   0% ] [90m[1mreimport[22m | Executing pre-reimport operations...[39m[0m
[   0% ] [90m[1mreimport[22m | whale music.mp3[39m[0m
[   0% ] [90m[1mreimport[22m | vault.mp3[39m[0m
[   0% ] [90m[1mreimport[22m | underwater_ambience.mp3[39m[0m
[   0% ] [90m[1mreimport[22m | swim_noise.mp3[39m[0m
[   1% ] [90m[1mreimport[22m | superjump.mp3[39m[0m
[   1% ] [90m[1mreimport[22m | Super Conch_noise.mp3[39m[0m
[   1% ] [90m[1mreimport[22m | stun.mp3[39m[0m
[   2% ] [90m[1mreimport[22m | splash_in_ocean.mp3[39m[0m
[   2% ] [90m[1mreimport[22m | speed_noise.mp3[39m[0m
[   2% ] [90m[1mreimport[22m | Sea of Pillars danger.mp3[39m[0m
[   3% ] [90m[1mreimport[22m | Sea of Pillars Calm.mp3[39m[0m
[   3% ] [90m[1mreimport[22m | powerdown2.mp3[39m[0m
[   3% ] [90m[1mreimport[22m | powerdown1.mp3[39m[0m
[   3% ] [90m[1mreimport[22m | pickup.mp3[39m[0m
[   4% ] [90m[1mreimport[22m | ahh.mp3[39m[0m
[   4% ] [90m[1mreimport[22m | call of the conch music main theme.mp3[39m[0m
[   4% ] [90m[1mreimport[22m | coin.mp3[39m[0m
[   5% ] [90m[1mreimport[22m | fall on land.mp3[39m[0m
[   5% ] [90m[1mreimport[22m | impact.mp3[39m[0m
[   5% ] [90m[1mreimport[22m | invisibility.mp3[39m[0m
[   6% ] [90m[1mreimport[22m | magic force field.mp3[39m[0m
[   6% ] [90m[1mreimport[22m | morph1.mp3[39m[0m
[   6% ] [90m[1mreimport[22m | morph2.mp3[39m[0m
[   6% ] [90m[1mreimport[22m | pickup1.mp3[39m[0m
[   7% ] [90m[1mreimport[22m | pickup2.mp3[39m[0m
[   7% ] [90m[1mreimport[22m | pickup3.mp3[39m[0m
[   7% ] [90m[1mreimport[22m | pickup4.mp3[39m[0m
[   8% ] [90m[1mreimport[22m | pickup5.mp3[39m[0m
[   8% ] [90m[1mreimport[22m | pickup6.mp3[39m[0m
[   8% ] [90m[1mreimport[22m | whale music.mp3[39m[0m
[   9% ] [90m[1mreimport[22m | vault.mp3[39m[0m
[   9% ] [90m[1mreimport[22m | underwater_ambience.mp3[39m[0m
[   9% ] [90m[1mreimport[22m | swim_noise.mp3[39m[0m
[   9% ] [90m[1mreimport[22m | superjump.mp3[39m[0m
[  10% ] [90m[1mreimport[22m | Super Conch_noise.mp3[39m[0m
[  10% ] [90m[1mreimport[22m | stun.mp3[39m[0m
[  10% ] [90m[1mreimport[22m | splash_in_ocean.mp3[39m[0m
[  11% ] [90m[1mreimport[22m | speed_noise.mp3[39m[0m
[  11% ] [90m[1mreimport[22m | Sea of Pillars danger.mp3[39m[0m
[  11% ] [90m[1mreimport[22m | Sea of Pillars Calm.mp3[39m[0m
[  12% ] [90m[1mreimport[22m | powerdown2.mp3[39m[0m
[  12% ] [90m[1mreimport[22m | powerdown1.mp3[39m[0m
[  12% ] [90m[1mreimport[22m | pickup.mp3[39m[0m
[  12% ] [90m[1mreimport[22m | ahh.mp3[39m[0m
[  13% ] [90m[1mreimport[22m | call of the conch music main theme.mp3[39m[0m
[  13% ] [90m[1mreimport[22m | coin.mp3[39m[0m
[  13% ] [90m[1mreimport[22m | fall on land.mp3[39m[0m
[  14% ] [90m[1mreimport[22m | impact.mp3[39m[0m
[  14% ] [90m[1mreimport[22m | invisibility.mp3[39m[0m
[  14% ] [90m[1mreimport[22m | magic force field.mp3[39m[0m
[  15% ] [90m[1mreimport[22m | morph1.mp3[39m[0m
[  15% ] [90m[1mreimport[22m | morph2.mp3[39m[0m
[  15% ] [90m[1mreimport[22m | pickup1.mp3[39m[0m
[  15% ] [90m[1mreimport[22m | pickup2.mp3[39m[0m
[  16% ] [90m[1mreimport[22m | pickup3.mp3[39m[0m
[  16% ] [90m[1mreimport[22m | pickup4.mp3[39m[0m
[  16% ] [90m[1mreimport[22m | pickup5.mp3[39m[0m
[  17% ] [90m[1mreimport[22m | pickup6.mp3[39m[0m
[  17% ] [90m[1mreimport[22m | shark4.webp[39m[0m
[  17% ] [90m[1mreimport[22m | shark5.webp[39m[0m
[  18% ] [90m[1mreimport[22m | shark6.webp[39m[0m
[  18% ] [90m[1mreimport[22m | shark7.webp[39m[0m
[  18% ] [90m[1mreimport[22m | shark8.webp[39m[0m
[  18% ] [90m[1mreimport[22m | shark9.webp[39m[0m
[  19% ] [90m[1mreimport[22m | 02_floor_mosaic_tiles.png[39m[0m
[  19% ] [90m[1mreimport[22m | 03_terracotta_figurine_human.png[39m[0m
[  19% ] [90m[1mreimport[22m | 04_terracotta_figurine_animal.png[39m[0m
[  20% ] [90m[1mreimport[22m | shark3.webp[39m[0m
[  20% ] [90m[1mreimport[22m | shark2.webp[39m[0m
[  20% ] [90m[1mreimport[22m | shark1.webp[39m[0m
[  21% ] [90m[1mreimport[22m | jellyfish06.webp[39m[0m
[  21% ] [90m[1mreimport[22m | jellyfish05.webp[39m[0m
[  21% ] [90m[1mreimport[22m | jellyfish04.webp[39m[0m
[  21% ] [90m[1mreimport[22m | jellyfish03.webp[39m[0m
[  22% ] [90m[1mreimport[22m | jellyfish02.webp[39m[0m
[  22% ] [90m[1mreimport[22m | jellyfish0.webp[39m[0m
[  22% ] [90m[1mreimport[22m | grapes2.png[39m[0m
[  23% ] [90m[1mreimport[22m | food_sea_grapes.png[39m[0m
[  23% ] [90m[1mreimport[22m | food_scavenged_fish.png[39m[0m
[  23% ] [90m[1mreimport[22m | food_scavenged_fish2.png[39m[0m
[  24% ] [90m[1mreimport[22m | food_samphire.png[39m[0m
[  24% ] [90m[1mreimport[22m | food_crown_sea_grapes.png[39m[0m
[  24% ] [90m[1mreimport[22m | fish3.webp[39m[0m
[  25% ] [90m[1mreimport[22m | fish2.webp[39m[0m
[  25% ] [90m[1mreimport[22m | fish1.webp[39m[0m
[  25% ] [90m[1mreimport[22m | conustext.jpg[39m[0m
[  25% ] [90m[1mreimport[22m | conusdart.png[39m[0m
[  26% ] [90m[1mreimport[22m | box.png[39m[0m
[  26% ] [90m[1mreimport[22m | Antikythera Mechanism.png[39m[0m
[  26% ] [90m[1mreimport[22m | 10_bell_shaped_block_of_lead.png[39m[0m
[  27% ] [90m[1mreimport[22m | 09_soldier_helmet.png[39m[0m
[  27% ] [90m[1mreimport[22m | 08_perfume_bottle.png[39m[0m
[  27% ] [90m[1mreimport[22m | 07_obsidian_arrowhead.png[39m[0m
[  28% ] [90m[1mreimport[22m | 06_oil_lamp.png[39m[0m
[  28% ] [90m[1mreimport[22m | 05_terracotta_figurine_deity_idol.png[39m[0m
[  28% ] [90m[1mreimport[22m | whale05.webp[39m[0m
[  28% ] [90m[1mreimport[22m | whale04.webp[39m[0m
[  29% ] [90m[1mreimport[22m | whale03.webp[39m[0m
[  29% ] [90m[1mreimport[22m | whale02.webp[39m[0m
[  29% ] [90m[1mreimport[22m | whale01.webp[39m[0m
[  30% ] [90m[1mreimport[22m | shell_terebridae.png[39m[0m
[  30% ] [90m[1mreimport[22m | shell_normal_conch.png[39m[0m
[  30% ] [90m[1mreimport[22m | shell_conus_textile.png[39m[0m
[  31% ] [90m[1mreimport[22m | shell_charonia_tritonis.png[39m[0m
[  31% ] [90m[1mreimport[22m | hylas-swim_07.webp[39m[0m
[  31% ] [90m[1mreimport[22m | hylas-swim_06.webp[39m[0m
[  31% ] [90m[1mreimport[22m | hylas-swim_05.webp[39m[0m
[  32% ] [90m[1mreimport[22m | hylas-swim_04.webp[39m[0m
[  32% ] [90m[1mreimport[22m | hylas-swim_03.webp[39m[0m
[  32% ] [90m[1mreimport[22m | hylas-swim_02.webp[39m[0m
[  33% ] [90m[1mreimport[22m | hylas-swim_01.webp[39m[0m
[  33% ] [90m[1mreimport[22m | hylas-stop_07.webp[39m[0m
[  33% ] [90m[1mreimport[22m | hylas-stop_06.webp[39m[0m
[  34% ] [90m[1mreimport[22m | hylas-stop_05.webp[39m[0m
[  34% ] [90m[1mreimport[22m | hazard_black_bloom4.png[39m[0m
[  34% ] [90m[1mreimport[22m | hazard_black_bloom3.png[39m[0m
[  34% ] [90m[1mreimport[22m | hazard_black_bloom2.png[39m[0m
[  35% ] [90m[1mreimport[22m | hazard_black_bloom1.png[39m[0m
[  35% ] [90m[1mreimport[22m | hazard_black_bloom0.png[39m[0m
[  35% ] [90m[1mreimport[22m | vignette.png[39m[0m
[  36% ] [90m[1mreimport[22m | splash5.webp[39m[0m
[  36% ] [90m[1mreimport[22m | splash4.webp[39m[0m
[  36% ] [90m[1mreimport[22m | splash3.webp[39m[0m
[  37% ] [90m[1mreimport[22m | splash2.webp[39m[0m
[  37% ] [90m[1mreimport[22m | splash1.webp[39m[0m
[  37% ] [90m[1mreimport[22m | sonar.webp[39m[0m
[  37% ] [90m[1mreimport[22m | rocktexture.jpg[39m[0m
[  38% ] [90m[1mreimport[22m | debris05.webp[39m[0m
[  38% ] [90m[1mreimport[22m | debris04.webp[39m[0m
[  38% ] [90m[1mreimport[22m | debris03.webp[39m[0m
[  38% ] [90m[1mreimport[22m | debris03.webp[39m[0m
[  39% ] [90m[1mreimport[22m | debris02.webp[39m[0m
[  39% ] [90m[1mreimport[22m | debris01.webp[39m[0m
[  39% ] [90m[1mreimport[22m | debris00.webp[39m[0m
[  40% ] [90m[1mreimport[22m | ui_travel_leaving_sea_of_pillars.png[39m[0m
[  40% ] [90m[1mreimport[22m | ui_travel_leaving_neresithoppos.png[39m[0m
[  40% ] [90m[1mreimport[22m | ui_travel_leaving_erythraean_sea.png[39m[0m
[  40% ] [90m[1mreimport[22m | ui_travel_approaching_sea_of_pillars.png[39m[0m
[  41% ] [90m[1mreimport[22m | ui_travel_approaching_erythraean_sea.png[39m[0m
[  41% ] [90m[1mreimport[22m | ui_location_whale_breeding_ground.png[39m[0m
[  41% ] [90m[1mreimport[22m | ui_location_hieron_of_the_oracle.png[39m[0m
[  42% ] [90m[1mreimport[22m | ui_location_agora_of_myra.png[39m[0m
[  42% ] [90m[1mreimport[22m | UI6.webp[39m[0m
[  42% ] [90m[1mreimport[22m | UI5.webp[39m[0m
[  43% ] [90m[1mreimport[22m | UI4.webp[39m[0m
[  43% ] [90m[1mreimport[22m | UI3.webp[39m[0m
[  43% ] [90m[1mreimport[22m | UI2.webp[39m[0m
[  43% ] [90m[1mreimport[22m | UI1.webp[39m[0m
[  44% ] [90m[1mreimport[22m | title.png[39m[0m
[  44% ] [90m[1mreimport[22m | textblock.webp[39m[0m
[  44% ] [90m[1mreimport[22m | shell_normal_conch.png[39m[0m
[  45% ] [90m[1mreimport[22m | seaofpillars.webp[39m[0m
[  45% ] [90m[1mreimport[22m | oracle.webp[39m[0m
[  45% ] [90m[1mreimport[22m | fish3.webp[39m[0m
[  46% ] [90m[1mreimport[22m | fish2.webp[39m[0m
[  46% ] [90m[1mreimport[22m | fish1.webp[39m[0m
[  46% ] [90m[1mreimport[22m | volcano.webp[39m[0m
[  46% ] [90m[1mreimport[22m | vent.webp[39m[0m
[  47% ] [90m[1mreimport[22m | vent1.webp[39m[0m
[  47% ] [90m[1mreimport[22m | ship1.webp[39m[0m
[  47% ] [90m[1mreimport[22m | rockwall.webp[39m[0m
[  48% ] [90m[1mreimport[22m | pillars.webp[39m[0m
[  48% ] [90m[1mreimport[22m | mountainoverlay05.webp[39m[0m
[  48% ] [90m[1mreimport[22m | mountainoverlay04.webp[39m[0m
[  49% ] [90m[1mreimport[22m | beach.webp[39m[0m
[  49% ] [90m[1mreimport[22m | whalemouthframe.webp[39m[0m
[  49% ] [90m[1mreimport[22m | ui_travel_leaving_sea_of_pillars.png[39m[0m
[  50% ] [90m[1mreimport[22m | ui_travel_leaving_erythraean_sea.png[39m[0m
[  50% ] [90m[1mreimport[22m | ui_travel_approaching_sea_of_pillars.png[39m[0m
[  50% ] [90m[1mreimport[22m | ui_travel_approaching_erythraean_sea.png[39m[0m
[  50% ] [90m[1mreimport[22m | worldmapoverlay.webp[39m[0m
[  51% ] [90m[1mreimport[22m | ui_travel_welcome_neresithoppos.png[39m[0m
[  51% ] [90m[1mreimport[22m | shell_conus_textile.png[39m[0m
[  51% ] [90m[1mreimport[22m | shell_charonia_tritonis.png[39m[0m
[  52% ] [90m[1mreimport[22m | shell_argonauta.png[39m[0m
[  52% ] [90m[1mreimport[22m | scenery_pillars_ruins06.png[39m[0m
[  52% ] [90m[1mreimport[22m | scenery_pillars_ruins05.png[39m[0m
[  53% ] [90m[1mreimport[22m | scenery_pillars_ruins04.png[39m[0m
[  53% ] [90m[1mreimport[22m | scenery_pillars_ruins03.png[39m[0m
[  53% ] [90m[1mreimport[22m | scenery_pillars_ruins02.png[39m[0m
[  53% ] [90m[1mreimport[22m | scenery_pillars_ruins01.png[39m[0m
[  54% ] [90m[1mreimport[22m | rock11.webp[39m[0m
[  54% ] [90m[1mreimport[22m | reference_abyssium_star_greek_key_joint.png[39m[0m
[  54% ] [90m[1mreimport[22m | passive_tide_anemone.png[39m[0m
[  55% ] [90m[1mreimport[22m | overlay_myra_market_table.webp[39m[0m
[  55% ] [90m[1mreimport[22m | item_tyche_margarites.png[39m[0m
[  55% ] [90m[1mreimport[22m | item_seaweed_grapes_box.png[39m[0m
[  56% ] [90m[1mreimport[22m | item_pelanos_cake.png[39m[0m
[  56% ] [90m[1mreimport[22m | item_mati_amulet.png[39m[0m
[  56% ] [90m[1mreimport[22m | item_kestos_himas.png[39m[0m
[  56% ] [90m[1mreimport[22m | item_echo_amphora.png[39m[0m
[  57% ] [90m[1mreimport[22m | load07.webp[39m[0m
[  57% ] [90m[1mreimport[22m | load06.webp[39m[0m
[  57% ] [90m[1mreimport[22m | load05.webp[39m[0m
[  58% ] [90m[1mreimport[22m | load04.webp[39m[0m
[  58% ] [90m[1mreimport[22m | load03.webp[39m[0m
[  58% ] [90m[1mreimport[22m | load02.webp[39m[0m
[  59% ] [90m[1mreimport[22m | load01.webp[39m[0m
[  59% ] [90m[1mreimport[22m | item_fish_tail_reserve.png[39m[0m
[  59% ] [90m[1mreimport[22m | dialogueboxv.webp[39m[0m
[  59% ] [90m[1mreimport[22m | dialogueboxh.webp[39m[0m
[  60% ] [90m[1mreimport[22m | button3.webp[39m[0m
[  60% ] [90m[1mreimport[22m | button2.webp[39m[0m
[  60% ] [90m[1mreimport[22m | button1.webp[39m[0m
[  61% ] [90m[1mreimport[22m | 01_ancient_greek_coins.png[39m[0m
[  61% ] [90m[1mreimport[22m | ui_mati.png[39m[0m
[  61% ] [90m[1mreimport[22m | shell_tridacna_gigas.png[39m[0m
[  62% ] [90m[1mreimport[22m | shell_terebridae.png[39m[0m
[  62% ] [90m[1mreimport[22m | shell_murex_pecten.png[39m[0m
[  62% ] [90m[1mreimport[22m | shell_haliotis.png[39m[0m
[  62% ] [90m[1mreimport[22m | waterbgshadow.webp[39m[0m
[  63% ] [90m[1mreimport[22m | waterbgparalax.webp[39m[0m
[  63% ] [90m[1mreimport[22m | waterbgparalax2.webp[39m[0m
[  63% ] [90m[1mreimport[22m | waterbg.jpg[39m[0m
[  64% ] [90m[1mreimport[22m | volcano.webp[39m[0m
[  64% ] [90m[1mreimport[22m | vent.webp[39m[0m
[  64% ] [90m[1mreimport[22m | vent.webp[39m[0m
[  64% ] [90m[1mreimport[22m | vent1.webp[39m[0m
[  65% ] [90m[1mreimport[22m | statue.webp[39m[0m
[  65% ] [90m[1mreimport[22m | spikerock.webp[39m[0m
[  65% ] [90m[1mreimport[22m | shipwreck1-p2.jpg[39m[0m
[  65% ] [90m[1mreimport[22m | shipwreck1-p1.jpg[39m[0m
[  65% ] [90m[1mreimport[22m | shipwreck1-p1.jpg[39m[0m
[  66% ] [90m[1mreimport[22m | ship.jpg[39m[0m
[  66% ] [90m[1mreimport[22m | ship1.webp[39m[0m
[  66% ] [90m[1mreimport[22m | seaoverlay.webp[39m[0m
[  67% ] [90m[1mreimport[22m | sandoverlay.webp[39m[0m
[  67% ] [90m[1mreimport[22m | sand2.webp[39m[0m
[  67% ] [90m[1mreimport[22m | sand1.webp[39m[0m
[  68% ] [90m[1mreimport[22m | rockwall.webp[39m[0m
[  68% ] [90m[1mreimport[22m | hylas-conch1_03.webp[39m[0m
[  68% ] [90m[1mreimport[22m | hylas-conch1_02.webp[39m[0m
[  68% ] [90m[1mreimport[22m | hylas-conch1_01.webp[39m[0m
[  69% ] [90m[1mreimport[22m | die09.webp[39m[0m
[  69% ] [90m[1mreimport[22m | die08.webp[39m[0m
[  69% ] [90m[1mreimport[22m | die07.webp[39m[0m
[  70% ] [90m[1mreimport[22m | die06.webp[39m[0m
[  70% ] [90m[1mreimport[22m | die05.webp[39m[0m
[  70% ] [90m[1mreimport[22m | die05.webp[39m[0m
[  70% ] [90m[1mreimport[22m | die04.webp[39m[0m
[  71% ] [90m[1mreimport[22m | die03.webp[39m[0m
[  71% ] [90m[1mreimport[22m | die02.webp[39m[0m
[  71% ] [90m[1mreimport[22m | die01.webp[39m[0m
[  71% ] [90m[1mreimport[22m | companion_leaf_sheep2.png[39m[0m
[  72% ] [90m[1mreimport[22m | companion_leaf_sheep1.png[39m[0m
[  72% ] [90m[1mreimport[22m | companion_leaf_sheep0.png[39m[0m
[  72% ] [90m[1mreimport[22m | watertile.jpg[39m[0m
[  73% ] [90m[1mreimport[22m | waterskybg.jpg[39m[0m
[  73% ] [90m[1mreimport[22m | waterdeepbg.jpg[39m[0m
[  73% ] [90m[1mreimport[22m | waterdeepbg2.jpg[39m[0m
[  74% ] [90m[1mreimport[22m | mountainoverlay05.webp[39m[0m
[  74% ] [90m[1mreimport[22m | mountainoverlay04.webp[39m[0m
[  74% ] [90m[1mreimport[22m | mountainoverlay03.webp[39m[0m
[  75% ] [90m[1mreimport[22m | mountainoverlay02.webp[39m[0m
[  75% ] [90m[1mreimport[22m | mountainoverlay01.webp[39m[0m
[  75% ] [90m[1mreimport[22m | lsland02.webp[39m[0m
[  75% ] [90m[1mreimport[22m | island03.webp[39m[0m
[  75% ] [90m[1mreimport[22m | island03.webp[39m[0m
[  76% ] [90m[1mreimport[22m | island01.webp[39m[0m
[  76% ] [90m[1mreimport[22m | island00.webp[39m[0m
[  76% ] [90m[1mreimport[22m | horizon.png[39m[0m
[  77% ] [90m[1mreimport[22m | clouds5.jpg[39m[0m
[  77% ] [90m[1mreimport[22m | clouds4.jpg[39m[0m
[  77% ] [90m[1mreimport[22m | clouds3.jpg[39m[0m
[  78% ] [90m[1mreimport[22m | clouds2.jpg[39m[0m
[  78% ] [90m[1mreimport[22m | clouds1.jpg[39m[0m
[  78% ] [90m[1mreimport[22m | citymain.webp[39m[0m
[  78% ] [90m[1mreimport[22m | boulder.webp[39m[0m
[  79% ] [90m[1mreimport[22m | bg_pillars_city.jpg[39m[0m
[  79% ] [90m[1mreimport[22m | beach.webp[39m[0m
[  79% ] [90m[1mreimport[22m | rocktexture.webp[39m[0m
[  80% ] [90m[1mreimport[22m | rocktexture.jpeg[39m[0m
[  80% ] [90m[1mreimport[22m | rockedge.png[39m[0m
[  80% ] [90m[1mreimport[22m | rockcorner.png[39m[0m
[  81% ] [90m[1mreimport[22m | rock15.webp[39m[0m
[  81% ] [90m[1mreimport[22m | rock14.webp[39m[0m
[  81% ] [90m[1mreimport[22m | rock13.webp[39m[0m
[  81% ] [90m[1mreimport[22m | rock12.webp[39m[0m
[  82% ] [90m[1mreimport[22m | rock11.webp[39m[0m
[  82% ] [90m[1mreimport[22m | rock10.webp[39m[0m
[  82% ] [90m[1mreimport[22m | rock9.webp[39m[0m
[  83% ] [90m[1mreimport[22m | rock8.webp[39m[0m
[  83% ] [90m[1mreimport[22m | rock7.webp[39m[0m
[  83% ] [90m[1mreimport[22m | rock6.webp[39m[0m
[  84% ] [90m[1mreimport[22m | rock5.webp[39m[0m
[  84% ] [90m[1mreimport[22m | rock4.webp[39m[0m
[  84% ] [90m[1mreimport[22m | rock3.webp[39m[0m
[  84% ] [90m[1mreimport[22m | rock2.webp[39m[0m
[  85% ] [90m[1mreimport[22m | pillars.webp[39m[0m
[  85% ] [90m[1mreimport[22m | hylas-idle_02.webp[39m[0m
[  85% ] [90m[1mreimport[22m | hylas-idle_01.webp[39m[0m
[  86% ] [90m[1mreimport[22m | hylas-greatfin-tailflip06.webp[39m[0m
[  86% ] [90m[1mreimport[22m | hylas-greatfin-tailflip05.webp[39m[0m
[  86% ] [90m[1mreimport[22m | hylas-greatfin-tailflip04.png[39m[0m
[  87% ] [90m[1mreimport[22m | hylas-greatfin-tailflip03.webp[39m[0m
[  87% ] [90m[1mreimport[22m | hylas-greatfin-tailflip02.webp[39m[0m
[  87% ] [90m[1mreimport[22m | hylas-greatfin-tailflip01.webp[39m[0m
[  87% ] [90m[1mreimport[22m | hylas-greatfin-swim04.webp[39m[0m
[  88% ] [90m[1mreimport[22m | hylas-greatfin-swim03.webp[39m[0m
[  88% ] [90m[1mreimport[22m | hylas-greatfin-swim02.webp[39m[0m
[  88% ] [90m[1mreimport[22m | hylas-greatfin-swim01.webp[39m[0m
[  89% ] [90m[1mreimport[22m | hylas-greatfin-stop05.webp[39m[0m
[  89% ] [90m[1mreimport[22m | hylas-greatfin-stop04.webp[39m[0m
[  89% ] [90m[1mreimport[22m | hylas-greatfin-stop03.webp[39m[0m
[  90% ] [90m[1mreimport[22m | hylas-greatfin-stop02.webp[39m[0m
[  90% ] [90m[1mreimport[22m | hylas-greatfin-stop01.webp[39m[0m
[  90% ] [90m[1mreimport[22m | hylas-greatfin-speed06.webp[39m[0m
[  90% ] [90m[1mreimport[22m | hylas-greatfin-speed05.webp[39m[0m
[  91% ] [90m[1mreimport[22m | hylas-stop_04.webp[39m[0m
[  91% ] [90m[1mreimport[22m | hylas-stop_03.webp[39m[0m
[  91% ] [90m[1mreimport[22m | hylas-stop_02.webp[39m[0m
[  92% ] [90m[1mreimport[22m | hylas-stop_01.webp[39m[0m
[  92% ] [90m[1mreimport[22m | hylas-speed_06.webp[39m[0m
[  92% ] [90m[1mreimport[22m | hylas-speed_05.webp[39m[0m
[  93% ] [90m[1mreimport[22m | hylas-speed_04.webp[39m[0m
[  93% ] [90m[1mreimport[22m | hylas-speed_03.webp[39m[0m
[  93% ] [90m[1mreimport[22m | hylas-speed_02.webp[39m[0m
[  93% ] [90m[1mreimport[22m | hylas-ricochet_02.webp[39m[0m
[  94% ] [90m[1mreimport[22m | hylas-ricochet_01.webp[39m[0m
[  94% ] [90m[1mreimport[22m | hylas-jump_04.webp[39m[0m
[  94% ] [90m[1mreimport[22m | hylas-jump_03a.webp[39m[0m
[  95% ] [90m[1mreimport[22m | hylas-jump_03.webp[39m[0m
[  95% ] [90m[1mreimport[22m | hylas-jump_02.webp[39m[0m
[  95% ] [90m[1mreimport[22m | hylas-jump_01a.webp[39m[0m
[  96% ] [90m[1mreimport[22m | hylas-jump_01.webp[39m[0m
[  96% ] [90m[1mreimport[22m | hylas-idle_04.webp[39m[0m
[  96% ] [90m[1mreimport[22m | hylas-idle_03.webp[39m[0m
[  96% ] [90m[1mreimport[22m | hylas-greatfin-conchA05.webp[39m[0m
[  97% ] [90m[1mreimport[22m | hylas-greatfin-conchA04.webp[39m[0m
[  97% ] [90m[1mreimport[22m | hylas-greatfin-conchA03.webp[39m[0m
[  97% ] [90m[1mreimport[22m | hylas-greatfin-conchA02.webp[39m[0m
[  98% ] [90m[1mreimport[22m | hylas-greatfin-conchA01.webp[39m[0m
[  98% ] [90m[1mreimport[22m | hylas-flip_07.webp[39m[0m
[  98% ] [90m[1mreimport[22m | hylas-flip_06.webp[39m[0m
[  99% ] [90m[1mreimport[22m | hylas-flip_05.webp[39m[0m
[  99% ] [90m[1mreimport[22m | hylas-flip_04.webp[39m[0m
[  99% ] [90m[1mreimport[22m | Finalizing Asset Import...[39m[0m
[92m[ DONE ][39m [1mreimport[22m
[0m
[   0% ] [90m[1mreimport[22m | Started (Re)Importing Assets (331 steps)[39m[0m
[   0% ] [90m[1mreimport[22m | Executing post-reimport operations...[39m[0m
[92m[ DONE ][39m [1mreimport[22m
[0m
[   0% ] [90m[1mloading_editor_layout[22m | Started Loading editor (5 steps)[39m[0m
[   0% ] [90m[1mloading_editor_layout[22m | Loading editor layout...[39m[0m
[  16% ] [90m[1mloading_editor_layout[22m | Loading docks...[39m[0m
[92m[ DONE ][39m [1mloading_editor_layout[22m
[0m
