Godot Engine v4.7.stable.official.5b4e0cb0f - https://godotengine.org

Baked res://rebuild_v3/game/shared/background_scenery/landscape/rock02.tscn with 1 collision polygon(s).
Baked res://rebuild_v3/game/shared/background_scenery/landscape/rock03.tscn with 1 collision polygon(s).
Baked res://rebuild_v3/game/shared/background_scenery/landscape/rock04.tscn with 1 collision polygon(s).
Baked res://rebuild_v3/game/shared/background_scenery/landscape/rock05.tscn with 1 collision polygon(s).
Baked res://rebuild_v3/game/shared/background_scenery/landscape/rock06.tscn with 1 collision polygon(s).
Baked res://rebuild_v3/game/shared/background_scenery/landscape/rock07.tscn with 1 collision polygon(s).
Baked res://rebuild_v3/game/shared/background_scenery/landscape/rock08.tscn with 1 collision polygon(s).
Baked res://rebuild_v3/game/shared/background_scenery/landscape/rock09.tscn with 1 collision polygon(s).
Baked res://rebuild_v3/game/shared/background_scenery/landscape/rock10.tscn with 1 collision polygon(s).
Baked res://rebuild_v3/game/shared/background_scenery/landscape/rock11.tscn with 1 collision polygon(s).
Baked res://rebuild_v3/game/shared/background_scenery/landscape/rock12.tscn with 1 collision polygon(s).
Baked res://rebuild_v3/game/shared/background_scenery/landscape/rock13.tscn with 1 collision polygon(s).
Baked res://rebuild_v3/game/shared/background_scenery/landscape/rock14.tscn with 1 collision polygon(s).
Baked res://rebuild_v3/game/shared/background_scenery/landscape/rock15.tscn with 1 collision polygon(s).
Baked res://rebuild_v3/game/shared/background_scenery/landscape/rock_corner.tscn with 2 collision polygon(s).
ERROR: Convex decomposing failed!
   at: decompose_many_polygons_in_convex (core/math/geometry_2d.cpp:103)
   GDScript backtrace (most recent call first):
       [0] _generate_scene (res://tools/generate_landscape_collisions.gd:100)
       [1] _initialize (res://tools/generate_landscape_collisions.gd:39)
Baked res://rebuild_v3/game/shared/background_scenery/landscape/island00.tscn with 1 collision polygon(s).
Baked res://rebuild_v3/game/shared/background_scenery/landscape/island01.tscn with 1 collision polygon(s).
Baked res://rebuild_v3/game/shared/background_scenery/landscape/island02.tscn with 1 collision polygon(s).
ERROR: Convex decomposing failed!
   at: decompose_many_polygons_in_convex (core/math/geometry_2d.cpp:103)
   GDScript backtrace (most recent call first):
       [0] _generate_scene (res://tools/generate_landscape_collisions.gd:100)
       [1] _initialize (res://tools/generate_landscape_collisions.gd:39)
Baked res://rebuild_v3/game/shared/background_scenery/landscape/island03.tscn with 1 collision polygon(s).
Baked res://rebuild_v3/game/shared/background_scenery/landscape/spike_rock.tscn with 1 collision polygon(s).
Baked res://rebuild_v3/game/shared/background_scenery/landscape/sand01.tscn with 1 collision polygon(s).
ERROR: Convex decomposing failed!
   at: decompose_many_polygons_in_convex (core/math/geometry_2d.cpp:103)
   GDScript backtrace (most recent call first):
       [0] _generate_scene (res://tools/generate_landscape_collisions.gd:100)
       [1] _initialize (res://tools/generate_landscape_collisions.gd:39)
Baked res://rebuild_v3/game/shared/background_scenery/landscape/sand02.tscn with 1 collision polygon(s).
ERROR: Convex decomposing failed!
   at: decompose_many_polygons_in_convex (core/math/geometry_2d.cpp:103)
   GDScript backtrace (most recent call first):
       [0] _generate_scene (res://tools/generate_landscape_collisions.gd:100)
       [1] _initialize (res://tools/generate_landscape_collisions.gd:39)
Baked res://rebuild_v3/game/shared/background_scenery/landscape/beach.tscn with 1 collision polygon(s).
Generated 23 baked landscape collision scenes.
